###############################################################################
#
# IAR ELF Linker V8.32.3.193/W32 for ARM                  16/Oct/2021  09:42:38
# Copyright 2007-2019 IAR Systems AB.
#
#    Output file  =  
#        D:\智能车\MM32F3277主板资料\【例程】各个模块的使用例程\11_1_TFT_1_8_Display_Demo\IAR\program\Debug\Exe\MM32F3277.out
#    Map file     =  
#        D:\智能车\MM32F3277主板资料\【例程】各个模块的使用例程\11_1_TFT_1_8_Display_Demo\IAR\program\Debug\List\MM32F3277.map
#    Command line =  
#        -f D:\Temp\EW51F1.tmp
#        (D:\智能车\MM32F3277主板资料\【例程】各个模块的使用例程\11_1_TFT_1_8_Display_Demo\IAR\program\Debug\Obj\board.o
#        D:\智能车\MM32F3277主板资料\【例程】各个模块的使用例程\11_1_TFT_1_8_Display_Demo\IAR\program\Debug\Obj\button.o
#        D:\智能车\MM32F3277主板资料\【例程】各个模块的使用例程\11_1_TFT_1_8_Display_Demo\IAR\program\Debug\Obj\common.o
#        D:\智能车\MM32F3277主板资料\【例程】各个模块的使用例程\11_1_TFT_1_8_Display_Demo\IAR\program\Debug\Obj\flash.o
#        D:\智能车\MM32F3277主板资料\【例程】各个模块的使用例程\11_1_TFT_1_8_Display_Demo\IAR\program\Debug\Obj\hal_adc.o
#        D:\智能车\MM32F3277主板资料\【例程】各个模块的使用例程\11_1_TFT_1_8_Display_Demo\IAR\program\Debug\Obj\hal_bkp.o
#        D:\智能车\MM32F3277主板资料\【例程】各个模块的使用例程\11_1_TFT_1_8_Display_Demo\IAR\program\Debug\Obj\hal_can.o
#        D:\智能车\MM32F3277主板资料\【例程】各个模块的使用例程\11_1_TFT_1_8_Display_Demo\IAR\program\Debug\Obj\hal_comp.o
#        D:\智能车\MM32F3277主板资料\【例程】各个模块的使用例程\11_1_TFT_1_8_Display_Demo\IAR\program\Debug\Obj\hal_crc.o
#        D:\智能车\MM32F3277主板资料\【例程】各个模块的使用例程\11_1_TFT_1_8_Display_Demo\IAR\program\Debug\Obj\hal_crs.o
#        D:\智能车\MM32F3277主板资料\【例程】各个模块的使用例程\11_1_TFT_1_8_Display_Demo\IAR\program\Debug\Obj\hal_dac.o
#        D:\智能车\MM32F3277主板资料\【例程】各个模块的使用例程\11_1_TFT_1_8_Display_Demo\IAR\program\Debug\Obj\hal_dbg.o
#        D:\智能车\MM32F3277主板资料\【例程】各个模块的使用例程\11_1_TFT_1_8_Display_Demo\IAR\program\Debug\Obj\hal_dma.o
#        D:\智能车\MM32F3277主板资料\【例程】各个模块的使用例程\11_1_TFT_1_8_Display_Demo\IAR\program\Debug\Obj\hal_eth.o
#        D:\智能车\MM32F3277主板资料\【例程】各个模块的使用例程\11_1_TFT_1_8_Display_Demo\IAR\program\Debug\Obj\hal_exti.o
#        D:\智能车\MM32F3277主板资料\【例程】各个模块的使用例程\11_1_TFT_1_8_Display_Demo\IAR\program\Debug\Obj\hal_flash.o
#        D:\智能车\MM32F3277主板资料\【例程】各个模块的使用例程\11_1_TFT_1_8_Display_Demo\IAR\program\Debug\Obj\hal_fsmc.o
#        D:\智能车\MM32F3277主板资料\【例程】各个模块的使用例程\11_1_TFT_1_8_Display_Demo\IAR\program\Debug\Obj\hal_gpio.o
#        D:\智能车\MM32F3277主板资料\【例程】各个模块的使用例程\11_1_TFT_1_8_Display_Demo\IAR\program\Debug\Obj\hal_i2c.o
#        D:\智能车\MM32F3277主板资料\【例程】各个模块的使用例程\11_1_TFT_1_8_Display_Demo\IAR\program\Debug\Obj\hal_iwdg.o
#        D:\智能车\MM32F3277主板资料\【例程】各个模块的使用例程\11_1_TFT_1_8_Display_Demo\IAR\program\Debug\Obj\hal_misc.o
#        D:\智能车\MM32F3277主板资料\【例程】各个模块的使用例程\11_1_TFT_1_8_Display_Demo\IAR\program\Debug\Obj\hal_pwr.o
#        D:\智能车\MM32F3277主板资料\【例程】各个模块的使用例程\11_1_TFT_1_8_Display_Demo\IAR\program\Debug\Obj\hal_rcc.o
#        D:\智能车\MM32F3277主板资料\【例程】各个模块的使用例程\11_1_TFT_1_8_Display_Demo\IAR\program\Debug\Obj\hal_rtc.o
#        D:\智能车\MM32F3277主板资料\【例程】各个模块的使用例程\11_1_TFT_1_8_Display_Demo\IAR\program\Debug\Obj\hal_sdio.o
#        D:\智能车\MM32F3277主板资料\【例程】各个模块的使用例程\11_1_TFT_1_8_Display_Demo\IAR\program\Debug\Obj\hal_spi.o
#        D:\智能车\MM32F3277主板资料\【例程】各个模块的使用例程\11_1_TFT_1_8_Display_Demo\IAR\program\Debug\Obj\hal_tim.o
#        D:\智能车\MM32F3277主板资料\【例程】各个模块的使用例程\11_1_TFT_1_8_Display_Demo\IAR\program\Debug\Obj\hal_uart.o
#        D:\智能车\MM32F3277主板资料\【例程】各个模块的使用例程\11_1_TFT_1_8_Display_Demo\IAR\program\Debug\Obj\hal_uid.o
#        D:\智能车\MM32F3277主板资料\【例程】各个模块的使用例程\11_1_TFT_1_8_Display_Demo\IAR\program\Debug\Obj\hal_ver.o
#        D:\智能车\MM32F3277主板资料\【例程】各个模块的使用例程\11_1_TFT_1_8_Display_Demo\IAR\program\Debug\Obj\hal_wwdg.o
#        D:\智能车\MM32F3277主板资料\【例程】各个模块的使用例程\11_1_TFT_1_8_Display_Demo\IAR\program\Debug\Obj\image.o
#        D:\智能车\MM32F3277主板资料\【例程】各个模块的使用例程\11_1_TFT_1_8_Display_Demo\IAR\program\Debug\Obj\imparam.o
#        D:\智能车\MM32F3277主板资料\【例程】各个模块的使用例程\11_1_TFT_1_8_Display_Demo\IAR\program\Debug\Obj\isr.o
#        D:\智能车\MM32F3277主板资料\【例程】各个模块的使用例程\11_1_TFT_1_8_Display_Demo\IAR\program\Debug\Obj\lcd.o
#        D:\智能车\MM32F3277主板资料\【例程】各个模块的使用例程\11_1_TFT_1_8_Display_Demo\IAR\program\Debug\Obj\main.o
#        D:\智能车\MM32F3277主板资料\【例程】各个模块的使用例程\11_1_TFT_1_8_Display_Demo\IAR\program\Debug\Obj\page.o
#        D:\智能车\MM32F3277主板资料\【例程】各个模块的使用例程\11_1_TFT_1_8_Display_Demo\IAR\program\Debug\Obj\param.o
#        D:\智能车\MM32F3277主板资料\【例程】各个模块的使用例程\11_1_TFT_1_8_Display_Demo\IAR\program\Debug\Obj\pwm.o
#        D:\智能车\MM32F3277主板资料\【例程】各个模块的使用例程\11_1_TFT_1_8_Display_Demo\IAR\program\Debug\Obj\SEEKFREE_18TFT.o
#        D:\智能车\MM32F3277主板资料\【例程】各个模块的使用例程\11_1_TFT_1_8_Display_Demo\IAR\program\Debug\Obj\SEEKFREE_7725.o
#        D:\智能车\MM32F3277主板资料\【例程】各个模块的使用例程\11_1_TFT_1_8_Display_Demo\IAR\program\Debug\Obj\SEEKFREE_ABSOLUTE_ENCODER.o
#        D:\智能车\MM32F3277主板资料\【例程】各个模块的使用例程\11_1_TFT_1_8_Display_Demo\IAR\program\Debug\Obj\SEEKFREE_ASSERT.o
#        D:\智能车\MM32F3277主板资料\【例程】各个模块的使用例程\11_1_TFT_1_8_Display_Demo\IAR\program\Debug\Obj\SEEKFREE_FONT.o
#        D:\智能车\MM32F3277主板资料\【例程】各个模块的使用例程\11_1_TFT_1_8_Display_Demo\IAR\program\Debug\Obj\SEEKFREE_ICM20602.o
#        D:\智能车\MM32F3277主板资料\【例程】各个模块的使用例程\11_1_TFT_1_8_Display_Demo\IAR\program\Debug\Obj\SEEKFREE_IIC.o
#        D:\智能车\MM32F3277主板资料\【例程】各个模块的使用例程\11_1_TFT_1_8_Display_Demo\IAR\program\Debug\Obj\SEEKFREE_IPS114_SPI.o
#        D:\智能车\MM32F3277主板资料\【例程】各个模块的使用例程\11_1_TFT_1_8_Display_Demo\IAR\program\Debug\Obj\SEEKFREE_IPS200_PARALLEL8.o
#        D:\智能车\MM32F3277主板资料\【例程】各个模块的使用例程\11_1_TFT_1_8_Display_Demo\IAR\program\Debug\Obj\SEEKFREE_L3G4200D.o
#        D:\智能车\MM32F3277主板资料\【例程】各个模块的使用例程\11_1_TFT_1_8_Display_Demo\IAR\program\Debug\Obj\SEEKFREE_MMA8451.o
#        D:\智能车\MM32F3277主板资料\【例程】各个模块的使用例程\11_1_TFT_1_8_Display_Demo\IAR\program\Debug\Obj\SEEKFREE_MPU6050.o
#        D:\智能车\MM32F3277主板资料\【例程】各个模块的使用例程\11_1_TFT_1_8_Display_Demo\IAR\program\Debug\Obj\SEEKFREE_MT9V03X.o
#        D:\智能车\MM32F3277主板资料\【例程】各个模块的使用例程\11_1_TFT_1_8_Display_Demo\IAR\program\Debug\Obj\SEEKFREE_OLED.o
#        D:\智能车\MM32F3277主板资料\【例程】各个模块的使用例程\11_1_TFT_1_8_Display_Demo\IAR\program\Debug\Obj\SEEKFREE_PRINTF.o
#        D:\智能车\MM32F3277主板资料\【例程】各个模块的使用例程\11_1_TFT_1_8_Display_Demo\IAR\program\Debug\Obj\SEEKFREE_TSL1401.o
#        D:\智能车\MM32F3277主板资料\【例程】各个模块的使用例程\11_1_TFT_1_8_Display_Demo\IAR\program\Debug\Obj\SEEKFREE_UART_7725.o
#        D:\智能车\MM32F3277主板资料\【例程】各个模块的使用例程\11_1_TFT_1_8_Display_Demo\IAR\program\Debug\Obj\SEEKFREE_VIRSCO.o
#        D:\智能车\MM32F3277主板资料\【例程】各个模块的使用例程\11_1_TFT_1_8_Display_Demo\IAR\program\Debug\Obj\SEEKFREE_WIRELESS.o
#        D:\智能车\MM32F3277主板资料\【例程】各个模块的使用例程\11_1_TFT_1_8_Display_Demo\IAR\program\Debug\Obj\startup_mm32f327x_iar.o
#        D:\智能车\MM32F3277主板资料\【例程】各个模块的使用例程\11_1_TFT_1_8_Display_Demo\IAR\program\Debug\Obj\system_mm32f327x.o
#        D:\智能车\MM32F3277主板资料\【例程】各个模块的使用例程\11_1_TFT_1_8_Display_Demo\IAR\program\Debug\Obj\zf_adc.o
#        D:\智能车\MM32F3277主板资料\【例程】各个模块的使用例程\11_1_TFT_1_8_Display_Demo\IAR\program\Debug\Obj\zf_camera.o
#        D:\智能车\MM32F3277主板资料\【例程】各个模块的使用例程\11_1_TFT_1_8_Display_Demo\IAR\program\Debug\Obj\zf_exti.o
#        D:\智能车\MM32F3277主板资料\【例程】各个模块的使用例程\11_1_TFT_1_8_Display_Demo\IAR\program\Debug\Obj\zf_flash.o
#        D:\智能车\MM32F3277主板资料\【例程】各个模块的使用例程\11_1_TFT_1_8_Display_Demo\IAR\program\Debug\Obj\zf_fsmc.o
#        D:\智能车\MM32F3277主板资料\【例程】各个模块的使用例程\11_1_TFT_1_8_Display_Demo\IAR\program\Debug\Obj\zf_gpio.o
#        D:\智能车\MM32F3277主板资料\【例程】各个模块的使用例程\11_1_TFT_1_8_Display_Demo\IAR\program\Debug\Obj\zf_pit.o
#        D:\智能车\MM32F3277主板资料\【例程】各个模块的使用例程\11_1_TFT_1_8_Display_Demo\IAR\program\Debug\Obj\zf_pwm.o
#        D:\智能车\MM32F3277主板资料\【例程】各个模块的使用例程\11_1_TFT_1_8_Display_Demo\IAR\program\Debug\Obj\zf_spi.o
#        D:\智能车\MM32F3277主板资料\【例程】各个模块的使用例程\11_1_TFT_1_8_Display_Demo\IAR\program\Debug\Obj\zf_systick.o
#        D:\智能车\MM32F3277主板资料\【例程】各个模块的使用例程\11_1_TFT_1_8_Display_Demo\IAR\program\Debug\Obj\zf_tim.o
#        D:\智能车\MM32F3277主板资料\【例程】各个模块的使用例程\11_1_TFT_1_8_Display_Demo\IAR\program\Debug\Obj\zf_uart.o
#        --no_out_extension -o
#        D:\智能车\MM32F3277主板资料\【例程】各个模块的使用例程\11_1_TFT_1_8_Display_Demo\IAR\program\Debug\Exe\MM32F3277.out
#        --map
#        D:\智能车\MM32F3277主板资料\【例程】各个模块的使用例程\11_1_TFT_1_8_Display_Demo\IAR\program\Debug\List\MM32F3277.map
#        --config
#        D:\智能车\MM32F3277主板资料\【例程】各个模块的使用例程\11_1_TFT_1_8_Display_Demo\IAR\program\MM32F3270.icf
#        --semihosting --entry __iar_program_start --vfe --text_out locale)
#
###############################################################################

*******************************************************************************
*** RUNTIME MODEL ATTRIBUTES
***

CppFlavor       = *
__SystemLibrary = DLib
__dlib_version  = 6


*******************************************************************************
*** HEAP SELECTION
***

The basic heap was selected because no calls to memory allocation
functions were found in the application outside of system library
functions, and there are calls to deallocation functions in the
application.


*******************************************************************************
*** PLACEMENT SUMMARY
***

"A0":  place at 0x800'0000 { ro section .intvec };
"P1":  place in [from 0x800'0000 to 0x807'ffff] { ro };
define block CSTACK with size = 12K, alignment = 8 { };
define block HEAP with size = 2K, alignment = 8 { };
"P2":  place in [from 0x2000'0000 to 0x2001'ffff] {
          rw, block CSTACK, block HEAP };
initialize by copy { rw };

  Section            Kind         Address     Size  Object
  -------            ----         -------     ----  ------
"A0":                                        0x190
  .intvec            ro code   0x800'0000    0x190  startup_mm32f327x_iar.o [1]
                             - 0x800'0190    0x190

"P1":                                       0x4e9e
  .text              ro code   0x800'0190    0xb18  image.o [1]
  .text              ro code   0x800'0ca8      0x6  ABImemclr4.o [4]
  .text              ro code   0x800'0cae     0x3a  zero_init3.o [4]
  .text              ro code   0x800'0ce8     0x1c  U32ToFlt.o [3]
  .text              ro code   0x800'0d04     0xfc  FltDiv.o [3]
  .text              ro code   0x800'0e00     0x48  FltToDbl.o [3]
  .text              ro code   0x800'0e48    0x1a2  DblMul.o [3]
  .text              ro code   0x800'0fea      0x2  startup_mm32f327x_iar.o [1]
  .text              ro code   0x800'0fec     0x1a  U32ToDbl.o [3]
  .text              ro code   0x800'1008    0x246  DblDiv.o [3]
  .text              ro code   0x800'1250    0x17a  DblAdd.o [3]
  .text              ro code   0x800'13cc     0x68  DblToFlt.o [3]
  .text              ro code   0x800'1434     0xd8  FltMul.o [3]
  .text              ro code   0x800'150c     0x2a  FltToS32.o [3]
  .text              ro code   0x800'1538     0x66  ABImemset.o [4]
  .text              ro code   0x800'15a0     0x32  ABImemset48.o [4]
  .text              ro code   0x800'15d4     0xd2  DblSub.o [3]
  .rodata            const     0x800'16a8    0x5f0  SEEKFREE_FONT.o [1]
  .text              ro code   0x800'1c98    0x5e4  isr.o [1]
  .text              ro code   0x800'227c    0x198  button.o [1]
  .text              ro code   0x800'2414    0x15c  pwm.o [1]
  .text              ro code   0x800'2570     0x7c  SEEKFREE_UART_7725.o [1]
  .text              ro code   0x800'25ec    0x280  SEEKFREE_MT9V03X.o [1]
  .text              ro code   0x800'286c    0x148  hal_exti.o [1]
  .text              ro code   0x800'29b4     0x70  zf_systick.o [1]
  .text              ro code   0x800'2a24    0x2e0  zf_gpio.o [1]
  .text              ro code   0x800'2d04    0x230  I64DivMod.o [4]
  .text              ro code   0x800'2f34     0x34  SEEKFREE_7725.o [1]
  .text              ro code   0x800'2f68    0x128  hal_dma.o [1]
  .text              ro code   0x800'3090    0x3e0  zf_pwm.o [1]
  .text              ro code   0x800'3470     0xe2  FltAdd.o [3]
  .text              ro code   0x800'3554     0x22  FltToU32.o [3]
  .text              ro code   0x800'3578    0x260  zf_uart.o [1]
  .text              ro code   0x800'37d8    0x100  zf_exti.o [1]
  .text              ro code   0x800'38d8     0x34  common.o [1]
  .text              ro code   0x800'390c    0x21c  zf_camera.o [1]
  .text              ro code   0x800'3b28     0x6c  hal_rcc.o [1]
  .text              ro code   0x800'3b94      0x2  I64DivZer.o [4]
  .text              ro code   0x800'3b98     0x74  FltSub.o [3]
  .text              ro code   0x800'3c0c     0x70  hal_misc.o [1]
  .text              ro code   0x800'3c7c    0x138  hal_tim.o [1]
  .text              ro code   0x800'3db4    0x5c4  SEEKFREE_18TFT.o [1]
  .text              ro code   0x800'4378    0x2c0  zf_spi.o [1]
  .text              ro code   0x800'4638     0x18  SEEKFREE_ASSERT.o [1]
  .text              ro code   0x800'4650     0x28  printf.o [2]
  .text              ro code   0x800'4678    0x13e  xprintftiny.o [2]
  .text              ro code   0x800'47b8     0x36  strlen.o [4]
  .text              ro code   0x800'47f0    0x2b0  system_mm32f327x.o [1]
  .text              ro code   0x800'4aa0    0x126  lcd.o [1]
  .text              ro code   0x800'4bc8     0xe4  zf_pit.o [1]
  .text              ro code   0x800'4cac     0x84  main.o [1]
  .text              ro code   0x800'4d30     0x1c  board.o [1]
  .rodata            const     0x800'4d4c     0x7c  SEEKFREE_18TFT.o [1]
  .text              ro code   0x800'4dc8     0x38  packbits_init_single.o [4]
  .rodata            const     0x800'4e00     0x2c  SEEKFREE_ASSERT.o [1]
  .text              ro code   0x800'4e2c     0x28  data_init.o [4]
  .iar.init_table    const     0x800'4e54     0x20  - Linker created -
  .text              ro code   0x800'4e74     0x1e  cmain.o [4]
  .text              ro code   0x800'4e92      0x4  low_level_init.o [2]
  .text              ro code   0x800'4e96      0x4  exit.o [2]
  .text              ro code   0x800'4e9c      0xa  cexit.o [4]
  .text              ro code   0x800'4ea8     0x14  exit.o [5]
  .text              ro code   0x800'4ebc     0x16  xprout.o [2]
  .text              ro code   0x800'4ed4      0xc  putchar.o [2]
  .text              ro code   0x800'4ee0     0x10  startup_mm32f327x_iar.o [1]
  .rodata            const     0x800'4ef0      0xc  SEEKFREE_18TFT.o [1]
  .rodata            const     0x800'4efc      0xc  SEEKFREE_18TFT.o [1]
  .rodata            const     0x800'4f08      0xc  SEEKFREE_18TFT.o [1]
  .rodata            const     0x800'4f14      0xc  SEEKFREE_18TFT.o [1]
  .text              ro code   0x800'4f20      0xc  cstartup_M.o [4]
  .rodata            const     0x800'4f2c      0x8  zf_pit.o [1]
  .rodata            const     0x800'4f34      0x0  zero_init3.o [4]
  .rodata            const     0x800'4f34      0x0  packbits_init_single.o [4]
  Initializer bytes  const     0x800'4f34     0xfa  <for P2-1>
                             - 0x800'502e   0x4e9e

"P2", part 1 of 3:                           0x11b
  P2-1                        0x2000'0000    0x11b  <Init block>
    .data            inited   0x2000'0000      0x4  page.o [1]
    .data            inited   0x2000'0004     0x24  SEEKFREE_MT9V03X.o [1]
    .data            inited   0x2000'0028     0x20  SEEKFREE_MT9V03X.o [1]
    .data            inited   0x2000'0048      0x4  system_mm32f327x.o [1]
    .data            inited   0x2000'004c     0x20  zf_gpio.o [1]
    .data            inited   0x2000'006c      0xc  zf_spi.o [1]
    .data            inited   0x2000'0078     0x20  zf_tim.o [1]
    .data            inited   0x2000'0098     0x20  zf_uart.o [1]
    .data            inited   0x2000'00b8      0x8  zf_uart.o [1]
    .data            inited   0x2000'00c0     0x48  xfiles.o [2]
    .data            inited   0x2000'0108      0x2  imparam.o [1]
    .data            inited   0x2000'010a      0x2  imparam.o [1]
    .data            inited   0x2000'010c      0x2  imparam.o [1]
    .data            inited   0x2000'010e      0x2  imparam.o [1]
    .data            inited   0x2000'0110      0x2  imparam.o [1]
    .data            inited   0x2000'0112      0x2  imparam.o [1]
    .data            inited   0x2000'0114      0x2  imparam.o [1]
    .data            inited   0x2000'0116      0x2  imparam.o [1]
    .data            inited   0x2000'0118      0x2  imparam.o [1]
    .data            inited   0x2000'011a      0x1  SEEKFREE_MT9V03X.o [1]
                            - 0x2000'011b    0x11b

"P2", part 2 of 3:                         0x10ce8
  .bss               zero     0x2000'011c   0xb040  SEEKFREE_MT9V03X.o [1]
  .bss               zero     0x2000'b15c   0x5820  imparam.o [1]
  .bss               zero     0x2001'097c    0x100  imparam.o [1]
  .bss               zero     0x2001'0a7c     0xf0  image.o [1]
  .bss               zero     0x2001'0b6c     0xf0  imparam.o [1]
  .bss               zero     0x2001'0c5c     0xf0  imparam.o [1]
  .bss               zero     0x2001'0d4c     0x50  xfiles.o [2]
  .bss               zero     0x2001'0d9c     0x20  zf_pwm.o [1]
  .bss               zero     0x2001'0dbc      0x4  button.o [1]
  .bss               zero     0x2001'0dc0      0x4  button.o [1]
  .bss               zero     0x2001'0dc4      0x4  common.o [1]
  .bss               zero     0x2001'0dc8      0x4  image.o [1]
  .bss               zero     0x2001'0dcc      0x4  imparam.o [1]
  .bss               zero     0x2001'0dd0      0x4  param.o [1]
  .bss               zero     0x2001'0dd4      0x4  param.o [1]
  .bss               zero     0x2001'0dd8      0x4  SEEKFREE_MT9V03X.o [1]
  .bss               zero     0x2001'0ddc      0x4  SEEKFREE_UART_7725.o [1]
  .bss               zero     0x2001'0de0      0x2  image.o [1]
  .bss               zero     0x2001'0de2      0x2  image.o [1]
  .bss               zero     0x2001'0de4      0x2  image.o [1]
  .bss               zero     0x2001'0de6      0x2  imparam.o [1]
  .bss               zero     0x2001'0de8      0x2  imparam.o [1]
  .bss               zero     0x2001'0dea      0x2  imparam.o [1]
  .bss               zero     0x2001'0dec      0x2  imparam.o [1]
  .bss               zero     0x2001'0dee      0x2  imparam.o [1]
  .bss               zero     0x2001'0df0      0x2  SEEKFREE_MT9V03X.o [1]
  .bss               zero     0x2001'0df2      0x2  SEEKFREE_MT9V03X.o [1]
  .bss               zero     0x2001'0df4      0x1  button.o [1]
  .bss               zero     0x2001'0df5      0x1  common.o [1]
  .bss               zero     0x2001'0df6      0x1  image.o [1]
  .bss               zero     0x2001'0df7      0x1  image.o [1]
  .bss               zero     0x2001'0df8      0x1  page.o [1]
  .bss               zero     0x2001'0df9      0x1  param.o [1]
  .bss               zero     0x2001'0dfa      0x1  pwm.o [1]
  .bss               zero     0x2001'0dfb      0x1  pwm.o [1]
  .bss               zero     0x2001'0dfc      0x1  SEEKFREE_7725.o [1]
  .bss               zero     0x2001'0dfd      0x1  SEEKFREE_MT9V03X.o [1]
  .bss               zero     0x2001'0dfe      0x1  SEEKFREE_MT9V03X.o [1]
  .bss               zero     0x2001'0dff      0x1  SEEKFREE_MT9V03X.o [1]
  .bss               zero     0x2001'0e00      0x1  SEEKFREE_UART_7725.o [1]
  .bss               zero     0x2001'0e01      0x1  SEEKFREE_UART_7725.o [1]
  .bss               zero     0x2001'0e02      0x1  SEEKFREE_UART_7725.o [1]
                            - 0x2001'0e03  0x10ce7

"P2", part 3 of 3:                          0x3000
  CSTACK                      0x2001'0e08   0x3000  <Block>
    CSTACK           uninit   0x2001'0e08   0x3000  <Block tail>
                            - 0x2001'3e08   0x3000

Unused ranges:

         From           To      Size
         ----           --      ----
   0x800'502e   0x807'ffff  0x7'afd2
  0x2000'011b  0x2000'011b       0x1
  0x2001'0e04  0x2001'0e07       0x4
  0x2001'3e08  0x2001'ffff    0xc1f8


*******************************************************************************
*** INIT TABLE
***

          Address      Size
          -------      ----
Zero (__iar_zero_init3)
    1 destination range, total size 0x10ce7:
          0x2000'011c  0x10ce7

Copy/packbits (__iar_packbits_init_single3)
    1 source range, total size 0xfa (88% of destination):
           0x800'4f34     0xfa
    1 destination range, total size 0x11b:
          0x2000'0000    0x11b



*******************************************************************************
*** MODULE SUMMARY
***

    Module                   ro code  ro data  rw data
    ------                   -------  -------  -------
command line/config:
    --------------------------------------------------
    Total:

D:\智能车\MM32F3277主板资料\【例程】各个模块的使用例程\11_1_TFT_1_8_Display_Demo\IAR\program\Debug\Obj: [1]
    SEEKFREE_18TFT.o           1 476      172
    SEEKFREE_7725.o               52                 1
    SEEKFREE_ASSERT.o             24       44
    SEEKFREE_FONT.o                     1 520
    SEEKFREE_MT9V03X.o           640       60   45 200
    SEEKFREE_UART_7725.o         124                 7
    board.o                       28
    button.o                     408                 9
    common.o                      52                 5
    hal_dma.o                    296
    hal_exti.o                   328
    hal_misc.o                   112
    hal_rcc.o                    108
    hal_tim.o                    312
    image.o                    2 840               252
    imparam.o                              16   23 328
    isr.o                      1 508
    lcd.o                        294
    main.o                       132
    page.o                                  3        5
    param.o                                          9
    pwm.o                        348                 2
    startup_mm32f327x_iar.o      418
    system_mm32f327x.o           688        4        4
    zf_camera.o                  540
    zf_exti.o                    256
    zf_gpio.o                    736       28       32
    zf_pit.o                     228        8
    zf_pwm.o                     992                32
    zf_spi.o                     704       11       12
    zf_systick.o                 112
    zf_tim.o                               28       32
    zf_uart.o                    608       35       40
    --------------------------------------------------
    Total:                    14 364    1 929   68 970

dl7M_tlf.a: [2]
    exit.o                         4
    low_level_init.o               4
    printf.o                      40
    putchar.o                     12
    xfiles.o                               64      152
    xprintftiny.o                318
    xprout.o                      22
    --------------------------------------------------
    Total:                       400       64      152

m7M_tl.a: [3]
    DblAdd.o                     378
    DblDiv.o                     582
    DblMul.o                     418
    DblSub.o                     210
    DblToFlt.o                   104
    FltAdd.o                     226
    FltDiv.o                     252
    FltMul.o                     216
    FltSub.o                     116
    FltToDbl.o                    72
    FltToS32.o                    42
    FltToU32.o                    34
    U32ToDbl.o                    26
    U32ToFlt.o                    28
    --------------------------------------------------
    Total:                     2 704

rt7M_tl.a: [4]
    ABImemclr4.o                   6
    ABImemset.o                  102
    ABImemset48.o                 50
    I64DivMod.o                  560
    I64DivZer.o                    2
    cexit.o                       10
    cmain.o                       30
    cstartup_M.o                  12
    data_init.o                   40
    packbits_init_single.o        56
    strlen.o                      54
    zero_init3.o                  58
    --------------------------------------------------
    Total:                       980

shb_l.a: [5]
    exit.o                        20
    --------------------------------------------------
    Total:                        20

    Gaps                          30        2
    Linker created                         33   12 288
------------------------------------------------------
    Grand Total:              18 498    2 028   81 410


*******************************************************************************
*** ENTRY LIST
***

Entry                       Address    Size  Type      Object
-----                       -------    ----  ----      ------
.iar.init_table$$Base    0x800'4e54           --   Gb  - Linker created -
.iar.init_table$$Limit   0x800'4e74           --   Gb  - Linker created -
?main                    0x800'4e75          Code  Gb  cmain.o [4]
AutoCalPllFactor         0x800'4835    0x54  Code  Gb  system_mm32f327x.o [1]
BusFault_Handler         0x800'3903     0x2  Code  Gb  common.o [1]
CSTACK$$Base            0x2001'0e08           --   Gb  - Linker created -
CSTACK$$Limit           0x2001'3e08           --   Gb  - Linker created -
DEBOUNCE_TIME           0x2001'0dbc     0x4  Data  Lc  button.o [1]
DELAY_xUs                0x800'4889    0x2e  Code  Lc  system_mm32f327x.o [1]
DMA1_Channel1_IRQHandler
                         0x800'20a3    0x14  Code  Gb  isr.o [1]
DMA1_Channel2_IRQHandler
                         0x800'20b7    0x14  Code  Gb  isr.o [1]
DMA1_Channel3_IRQHandler
                         0x800'20cb    0x18  Code  Gb  isr.o [1]
DMA1_Channel4_IRQHandler
                         0x800'20e3    0x44  Code  Gb  isr.o [1]
DMA1_Channel5_IRQHandler
                         0x800'2127    0x18  Code  Gb  isr.o [1]
DMA1_Channel6_IRQHandler
                         0x800'213f    0x18  Code  Gb  isr.o [1]
DMA1_Channel7_IRQHandler
                         0x800'2157    0x18  Code  Gb  isr.o [1]
DMA2_Channel1_IRQHandler
                         0x800'216f    0x16  Code  Gb  isr.o [1]
DMA2_Channel2_IRQHandler
                         0x800'2185    0x16  Code  Gb  isr.o [1]
DMA2_Channel3_IRQHandler
                         0x800'219b    0x16  Code  Gb  isr.o [1]
DMA2_Channel4_IRQHandler
                         0x800'21b1    0x16  Code  Gb  isr.o [1]
DMA2_Channel5_IRQHandler
                         0x800'21c7    0x16  Code  Gb  isr.o [1]
DMA_ClearFlag            0x800'3067    0x12  Code  Gb  hal_dma.o [1]
DMA_Cmd                  0x800'3013     0xe  Code  Gb  hal_dma.o [1]
DMA_DeInit               0x800'2f69    0x5a  Code  Gb  hal_dma.o [1]
DMA_GetFlagStatus        0x800'303d    0x2a  Code  Gb  hal_dma.o [1]
DMA_ITConfig             0x800'3021    0x1c  Code  Gb  hal_dma.o [1]
DMA_Init                 0x800'2fc3    0x50  Code  Gb  hal_dma.o [1]
DebugMon_Handler         0x800'3909     0x2  Code  Gb  common.o [1]
EXTI0_IRQHandler         0x800'1eb3    0xca  Code  Gb  isr.o [1]
EXTI15_10_IRQHandler     0x800'2027    0x7c  Code  Gb  isr.o [1]
EXTI1_IRQHandler         0x800'1f7d     0xa  Code  Gb  isr.o [1]
EXTI2_IRQHandler         0x800'1f87     0xa  Code  Gb  isr.o [1]
EXTI3_IRQHandler         0x800'1f91     0xa  Code  Gb  isr.o [1]
EXTI4_IRQHandler         0x800'1f9b     0xa  Code  Gb  isr.o [1]
EXTI9_5_IRQHandler       0x800'1fa5    0x82  Code  Gb  isr.o [1]
EXTI_ClearFlag           0x800'2977     0x6  Code  Gb  hal_exti.o [1]
EXTI_GenerateSWInterrupt
                         0x800'296d     0xa  Code  Gb  hal_exti.o [1]
EXTI_GetITStatus         0x800'297d    0x1a  Code  Gb  hal_exti.o [1]
EXTI_Init                0x800'28b7    0xa4  Code  Gb  hal_exti.o [1]
EXTI_LineConfig          0x800'286d    0x4a  Code  Gb  hal_exti.o [1]
EXTI_StructInit          0x800'295b    0x12  Code  Gb  hal_exti.o [1]
GET_CFG                 0x2000'0028    0x20  Data  Gb  SEEKFREE_MT9V03X.o [1]
HardFault_Handler        0x800'38ff     0x2  Code  Gb  common.o [1]
LAST_BUTTON_VALUE       0x2001'0df4     0x1  Data  Lc  button.o [1]
LONG_PRESSED_TIME       0x2001'0dc0     0x4  Data  Lc  button.o [1]
MOTOR                   0x2001'0df8     0x1  Data  Gb  page.o [1]
MT9V03X_CFG             0x2000'0004    0x24  Data  Gb  SEEKFREE_MT9V03X.o [1]
MemManage_Handler        0x800'3901     0x2  Code  Gb  common.o [1]
NMI_Handler              0x800'38fd     0x2  Code  Gb  common.o [1]
NVIC_Init                0x800'3c0d    0x5e  Code  Gb  hal_misc.o [1]
PendSV_Handler           0x800'390b     0x2  Code  Gb  common.o [1]
RCC_AHBPeriphClockCmd    0x800'3b29    0x20  Code  Gb  hal_rcc.o [1]
RCC_APB1PeriphClockCmd   0x800'3b69    0x20  Code  Gb  hal_rcc.o [1]
RCC_APB2PeriphClockCmd   0x800'3b49    0x20  Code  Gb  hal_rcc.o [1]
Region$$Table$$Base      0x800'4e54           --   Gb  - Linker created -
Region$$Table$$Limit     0x800'4e74           --   Gb  - Linker created -
SERVO                   0x2000'0000     0x4  Data  Gb  page.o [1]
SVC_Handler              0x800'3907     0x2  Code  Gb  common.o [1]
SetSysClock              0x800'48b7    0x26  Code  Lc  system_mm32f327x.o [1]
SetSysClockToXX          0x800'48dd   0x170  Code  Lc  system_mm32f327x.o [1]
SystemCoreClock         0x2000'0048     0x4  Data  Gb  system_mm32f327x.o [1]
SystemInit               0x800'47f1    0x44  Code  Gb  system_mm32f327x.o [1]
TIM1_UP_IRQHandler       0x800'1c99    0x10  Code  Gb  isr.o [1]
TIM2_IRQHandler          0x800'1cb9    0x10  Code  Gb  isr.o [1]
TIM3_IRQHandler          0x800'1d03    0x10  Code  Gb  isr.o [1]
TIM4_IRQHandler          0x800'1d13    0x10  Code  Gb  isr.o [1]
TIM5_IRQHandler          0x800'1cc9    0x3a  Code  Gb  isr.o [1]
TIM6_IRQHandler          0x800'1d23    0x10  Code  Gb  isr.o [1]
TIM7_IRQHandler          0x800'1d33    0x10  Code  Gb  isr.o [1]
TIM8_UP_IRQHandler       0x800'1ca9    0x10  Code  Gb  isr.o [1]
TIM_Cmd                  0x800'3cf1    0x1a  Code  Gb  hal_tim.o [1]
TIM_DMACmd               0x800'3d0b    0x1c  Code  Gb  hal_tim.o [1]
TIM_ETRClockMode1Config
                         0x800'3d5b    0x1a  Code  Gb  hal_tim.o [1]
TIM_ETRConfig            0x800'3d27    0x34  Code  Gb  hal_tim.o [1]
TIM_SelectInputTrigger   0x800'3d75     0xe  Code  Gb  hal_tim.o [1]
TIM_SelectMasterSlaveMode
                         0x800'3d91     0xe  Code  Gb  hal_tim.o [1]
TIM_SelectSlaveMode      0x800'3d83     0xe  Code  Gb  hal_tim.o [1]
TIM_TimeBaseInit         0x800'3c7d    0x74  Code  Gb  hal_tim.o [1]
UART1_IRQHandler         0x800'1d43    0x2a  Code  Gb  isr.o [1]
UART2_IRQHandler         0x800'1d6d    0x2a  Code  Gb  isr.o [1]
UART3_IRQHandler         0x800'1d97    0x2a  Code  Gb  isr.o [1]
UART4_IRQHandler         0x800'1dc1    0x2a  Code  Gb  isr.o [1]
UART5_IRQHandler         0x800'1deb    0x2a  Code  Gb  isr.o [1]
UART6_IRQHandler         0x800'1e15    0x2a  Code  Gb  isr.o [1]
UART7_IRQHandler         0x800'1e3f    0x2a  Code  Gb  isr.o [1]
UART8_IRQHandler         0x800'1e69    0x4a  Code  Gb  isr.o [1]
UsageFault_Handler       0x800'3905     0x2  Code  Gb  common.o [1]
_PrintfTiny              0x800'4691   0x126  Code  Gb  xprintftiny.o [2]
_Prout                   0x800'4ebd    0x16  Code  Gb  xprout.o [2]
__Vectors                0x800'0000           --   Gb  startup_mm32f327x_iar.o [1]
__Vectors_End            0x800'0190          Data  Gb  startup_mm32f327x_iar.o [1]
__Vectors_Size {Abs}          0x190           --   Gb  startup_mm32f327x_iar.o [1]
__aeabi_assert           0x800'4639    0x18  Code  Gb  SEEKFREE_ASSERT.o [1]
__aeabi_d2f              0x800'13cd          Code  Gb  DblToFlt.o [3]
__aeabi_dadd             0x800'1251          Code  Gb  DblAdd.o [3]
__aeabi_ddiv             0x800'1009          Code  Gb  DblDiv.o [3]
__aeabi_dmul             0x800'0e49          Code  Gb  DblMul.o [3]
__aeabi_f2d              0x800'0e01          Code  Gb  FltToDbl.o [3]
__aeabi_f2iz             0x800'150d          Code  Gb  FltToS32.o [3]
__aeabi_f2uiz            0x800'3555          Code  Gb  FltToU32.o [3]
__aeabi_fadd             0x800'3471          Code  Gb  FltAdd.o [3]
__aeabi_fdiv             0x800'0d05          Code  Gb  FltDiv.o [3]
__aeabi_fmul             0x800'1435          Code  Gb  FltMul.o [3]
__aeabi_ldiv0            0x800'3b95          Code  Gb  I64DivZer.o [4]
__aeabi_memclr4          0x800'0ca9          Code  Gb  ABImemclr4.o [4]
__aeabi_memset           0x800'1539          Code  Gb  ABImemset.o [4]
__aeabi_ui2d             0x800'0fed          Code  Gb  U32ToDbl.o [3]
__aeabi_ui2f             0x800'0ce9          Code  Gb  U32ToFlt.o [3]
__aeabi_uldivmod         0x800'2d05          Code  Gb  I64DivMod.o [4]
__cmain                  0x800'4e75          Code  Gb  cmain.o [4]
__exit                   0x800'4ea9    0x14  Code  Gb  exit.o [5]
__iar_Memset             0x800'1539          Code  Gb  ABImemset.o [4]
__iar_Memset4_word       0x800'15a1          Code  Gb  ABImemset48.o [4]
__iar_Memset8_word       0x800'15a1          Code  Gb  ABImemset48.o [4]
__iar_Memset_word        0x800'1541          Code  Gb  ABImemset.o [4]
__iar_Stdout            0x2000'00c0    0x48  Data  Gb  xfiles.o [2]
__iar_dadd               0x800'15d5          Code  Gb  DblSub.o [3]
__iar_data_init3         0x800'4e2d    0x28  Code  Gb  data_init.o [4]
__iar_dsub               0x800'1261          Code  Gb  DblAdd.o [3]
__iar_dsubStart          0x800'1273          Code  Gb  DblAdd.o [3]
__iar_fadd               0x800'3b99          Code  Gb  FltSub.o [3]
__iar_fsub               0x800'347d          Code  Gb  FltAdd.o [3]
__iar_fsubStart          0x800'348d          Code  Gb  FltAdd.o [3]
__iar_packbits_init_single3
                         0x800'4dc9    0x38  Code  Gb  packbits_init_single.o [4]
__iar_program_start      0x800'4f21          Code  Gb  cstartup_M.o [4]
__iar_zero_init3         0x800'0caf    0x3a  Code  Gb  zero_init3.o [4]
__low_level_init         0x800'4e93     0x4  Code  Gb  low_level_init.o [2]
__vector_table           0x800'0000          Data  Gb  startup_mm32f327x_iar.o [1]
__vector_table_0x1c      0x800'001c          Data  Gb  startup_mm32f327x_iar.o [1]
_call_main               0x800'4e81          Code  Gb  cmain.o [4]
_exit                    0x800'4e9d          Code  Gb  cexit.o [4]
_main                    0x800'4e8f          Code  Gb  cmain.o [4]
afio_init                0x800'2b93    0xe8  Code  Gb  zf_gpio.o [1]
board_init               0x800'4d31    0x1c  Code  Gb  board.o [1]
button_init              0x800'227d    0x34  Code  Gb  button.o [1]
button_scan              0x800'22b1   0x14e  Code  Gb  button.o [1]
camera_buffer_addr      0x2001'0dc4     0x4  Data  Gb  common.o [1]
camera_dma_init          0x800'390d    0xc8  Code  Gb  zf_camera.o [1]
camera_tim_etr_init      0x800'39d5   0x14c  Code  Gb  zf_camera.o [1]
camera_type             0x2001'0df5     0x1  Data  Gb  common.o [1]
change_duty_motor        0x800'2465    0x90  Code  Gb  pwm.o [1]
exit                     0x800'4e97     0x4  Code  Gb  exit.o [2]
exti_interrupt_init      0x800'37d9    0xfc  Code  Gb  zf_exti.o [1]
fputc                    0x800'37a1    0x12  Code  Gb  zf_uart.o [1]
g_button_value          0x2001'0df9     0x1  Data  Gb  param.o [1]
g_camera_enable         0x2000'011a     0x1  Data  Gb  SEEKFREE_MT9V03X.o [1]
g_clock                 0x2001'0dd4     0x4  Data  Gb  param.o [1]
g_differ_threshold1     0x2000'0108     0x2  Data  Gb  imparam.o [1]
g_differ_threshold2     0x2000'010a     0x2  Data  Gb  imparam.o [1]
g_image                 0x2001'0dcc     0x4  Data  Gb  imparam.o [1]
g_image_enable          0x2001'0de6     0x2  Data  Gb  imparam.o [1]
g_left_count            0x2001'0de8     0x2  Data  Gb  imparam.o [1]
g_left_line             0x2001'0b6c    0xf0  Data  Gb  imparam.o [1]
g_mid_line              0x2001'0a7c    0xf0  Data  Lc  image.o [1]
g_motor                 0x2001'0dfa     0x1  Data  Gb  pwm.o [1]
g_otsu                  0x2000'0112     0x2  Data  Gb  imparam.o [1]
g_right_count           0x2001'0dea     0x2  Data  Gb  imparam.o [1]
g_right_line            0x2001'0c5c    0xf0  Data  Gb  imparam.o [1]
g_search_top            0x2000'0114     0x2  Data  Gb  imparam.o [1]
g_search_top_max        0x2000'0116     0x2  Data  Gb  imparam.o [1]
g_search_top_min        0x2000'0118     0x2  Data  Gb  imparam.o [1]
g_servo                 0x2001'0dfb     0x1  Data  Gb  pwm.o [1]
g_thres_max             0x2000'010e     0x2  Data  Gb  imparam.o [1]
g_thres_min             0x2000'010c     0x2  Data  Gb  imparam.o [1]
g_thres_table           0x2001'097c   0x100  Data  Gb  imparam.o [1]
g_thres_value           0x2000'0110     0x2  Data  Gb  imparam.o [1]
g_time                  0x2001'0dd0     0x4  Data  Gb  param.o [1]
g_watch                 0x2000'b15c  0x5820  Data  Gb  imparam.o [1]
g_whiteline_n           0x2001'0dec     0x2  Data  Gb  imparam.o [1]
g_whiteline_x           0x2001'0dee     0x2  Data  Gb  imparam.o [1]
get_config               0x800'2691    0x62  Code  Gb  SEEKFREE_MT9V03X.o [1]
gpio_get                 0x800'2cd9    0x22  Code  Gb  zf_gpio.o [1]
gpio_group              0x2000'004c    0x20  Data  Gb  zf_gpio.o [1]
gpio_init                0x800'2a25   0x16e  Code  Gb  zf_gpio.o [1]
gpio_set                 0x800'2c7b    0x5e  Code  Gb  zf_gpio.o [1]
image_debug              0x800'0adf   0x158  Code  Gb  image.o [1]
image_fast_otsu          0x800'036b   0x2e8  Code  Gb  image.o [1]
image_fast_otsu::flag   0x2001'0de4     0x2  Data  Lc  image.o [1]
image_fast_otsu::last_thres
                        0x2001'0dc8     0x4  Data  Lc  image.o [1]
image_fastsearch_leftline
                         0x800'0653   0x1e2  Code  Gb  image.o [1]
image_fastsearch_rightline
                         0x800'0835   0x1e0  Code  Gb  image.o [1]
image_find_midline       0x800'0a15    0xca  Code  Gb  image.o [1]
image_find_whiteline     0x800'023d   0x12e  Code  Gb  image.o [1]
image_update_thresvalue
                         0x800'0191    0xac  Code  Gb  image.o [1]
image_update_thresvalue::init_flag
                        0x2001'0df6     0x1  Data  Lc  image.o [1]
image_update_thresvalue::last_threshold_value
                        0x2001'0df7     0x1  Data  Lc  image.o [1]
lcd_clear                0x800'3f25    0x36  Code  Gb  SEEKFREE_18TFT.o [1]
lcd_init                 0x800'3f5b   0x29e  Code  Gb  SEEKFREE_18TFT.o [1]
lcd_set_region           0x800'3e6f    0xb6  Code  Gb  SEEKFREE_18TFT.o [1]
lcd_showchar             0x800'41f9    0x8a  Code  Gb  SEEKFREE_18TFT.o [1]
lcd_showint16            0x800'4283    0xd4  Code  Gb  SEEKFREE_18TFT.o [1]
lcd_writeData            0x800'3def    0x3a  Code  Gb  SEEKFREE_18TFT.o [1]
lcd_writeIndex           0x800'3db5    0x3a  Code  Lc  SEEKFREE_18TFT.o [1]
lcd_writedata_16bit      0x800'3e29    0x46  Code  Gb  SEEKFREE_18TFT.o [1]
main                     0x800'4cad    0x84  Code  Gb  main.o [1]
motor_init               0x800'2415    0x3c  Code  Gb  pwm.o [1]
motor_output             0x800'24f5    0x20  Code  Gb  pwm.o [1]
mt9v03x_addrs_idx       0x2001'0dfd     0x1  Data  Gb  SEEKFREE_MT9V03X.o [1]
mt9v03x_busy_flag       0x2001'0df2     0x2  Data  Gb  SEEKFREE_MT9V03X.o [1]
mt9v03x_dma              0x800'27f9    0x30  Code  Gb  SEEKFREE_MT9V03X.o [1]
mt9v03x_dma_init         0x800'2725    0x46  Code  Gb  SEEKFREE_MT9V03X.o [1]
mt9v03x_exti_init        0x800'26f3    0x24  Code  Gb  SEEKFREE_MT9V03X.o [1]
mt9v03x_finish_flag     0x2001'0df0     0x2  Data  Gb  SEEKFREE_MT9V03X.o [1]
mt9v03x_image           0x2000'011c  0xb040  Data  Gb  SEEKFREE_MT9V03X.o [1]
mt9v03x_init             0x800'276b    0x64  Code  Gb  SEEKFREE_MT9V03X.o [1]
mt9v03x_tim1_etr_init    0x800'2717     0xe  Code  Gb  SEEKFREE_MT9V03X.o [1]
mt9v03x_uart_callback    0x800'25ed    0x36  Code  Gb  SEEKFREE_MT9V03X.o [1]
mt9v03x_vsync            0x800'27cf    0x2a  Code  Gb  SEEKFREE_MT9V03X.o [1]
my_lcd_displayimage_debug
                         0x800'4aa1   0x126  Code  Gb  lcd.o [1]
nvic_init                0x800'38d9    0x22  Code  Gb  common.o [1]
obuf                    0x2001'0d4c    0x50  Data  Lc  xfiles.o [2]
out                      0x800'4679    0x18  Code  Lc  xprintftiny.o [2]
ov7725_cof_uart_interrupt
                         0x800'2571    0x36  Code  Gb  SEEKFREE_UART_7725.o [1]
ov7725_dma               0x800'2f49    0x14  Code  Gb  SEEKFREE_7725.o [1]
ov7725_finish_flag      0x2001'0dfc     0x1  Data  Gb  SEEKFREE_7725.o [1]
ov7725_uart_dma          0x800'25bb    0x14  Code  Gb  SEEKFREE_UART_7725.o [1]
ov7725_uart_finish_flag
                        0x2001'0e00     0x1  Data  Gb  SEEKFREE_UART_7725.o [1]
ov7725_uart_receive     0x2001'0ddc     0x4  Data  Lc  SEEKFREE_UART_7725.o [1]
ov7725_uart_receive_flag
                        0x2001'0e02     0x1  Data  Lc  SEEKFREE_UART_7725.o [1]
ov7725_uart_receive_num
                        0x2001'0e01     0x1  Data  Lc  SEEKFREE_UART_7725.o [1]
ov7725_uart_vsync        0x800'25a7    0x14  Code  Gb  SEEKFREE_UART_7725.o [1]
ov7725_vsync             0x800'2f35    0x14  Code  Gb  SEEKFREE_7725.o [1]
printf                   0x800'4651    0x28  Code  Gb  printf.o [2]
putchar                  0x800'4ed5     0xc  Code  Gb  putchar.o [2]
pwm_duty_updata          0x800'33b5    0xa4  Code  Gb  zf_pwm.o [1]
pwm_enable_state        0x2001'0d9c    0x20  Data  Gb  zf_pwm.o [1]
pwm_init                 0x800'30ab   0x30a  Code  Gb  zf_pwm.o [1]
pwm_pin_init             0x800'3091    0x1a  Code  Lc  zf_pwm.o [1]
receive                 0x2001'0dd8     0x4  Data  Lc  SEEKFREE_MT9V03X.o [1]
receive_num             0x2001'0dfe     0x1  Data  Lc  SEEKFREE_MT9V03X.o [1]
servo_init               0x800'2451    0x14  Code  Gb  pwm.o [1]
servo_output             0x800'2515    0x44  Code  Gb  pwm.o [1]
set_config               0x800'2623    0x6e  Code  Gb  SEEKFREE_MT9V03X.o [1]
spi_index               0x2000'006c     0xc  Data  Gb  zf_spi.o [1]
spi_init                 0x800'43f5   0x1e4  Code  Gb  zf_spi.o [1]
spi_mosi                 0x800'45d9    0x50  Code  Gb  zf_spi.o [1]
spi_pin_init             0x800'4379    0x7c  Code  Lc  zf_spi.o [1]
strlen                   0x800'47b9          Code  Gb  strlen.o [4]
systick_delay            0x800'29b5    0x1e  Code  Gb  zf_systick.o [1]
systick_delay_ms         0x800'29d3    0x20  Code  Gb  zf_systick.o [1]
systick_getval           0x800'2a09     0xc  Code  Gb  zf_systick.o [1]
systick_start            0x800'29f3    0x16  Code  Gb  zf_systick.o [1]
tft_ascii                0x800'16a8   0x5f0  Data  Gb  SEEKFREE_FONT.o [1]
tim_index               0x2000'0078    0x20  Data  Gb  zf_tim.o [1]
tim_interrupt_init       0x800'4bc9    0xd0  Code  Gb  zf_pit.o [1]
uart_index              0x2000'0098    0x20  Data  Gb  zf_uart.o [1]
uart_init                0x800'35ad   0x17a  Code  Gb  zf_uart.o [1]
uart_irq                0x2000'00b8     0x8  Data  Gb  zf_uart.o [1]
uart_pin_init            0x800'3579    0x34  Code  Lc  zf_uart.o [1]
uart_putbuff             0x800'3727    0x2c  Code  Gb  zf_uart.o [1]
uart_receive_flag       0x2001'0dff     0x1  Data  Lc  SEEKFREE_MT9V03X.o [1]
uart_rx_irq              0x800'3753    0x4e  Code  Gb  zf_uart.o [1]
x_conditon_left         0x2001'0de0     0x2  Data  Lc  image.o [1]
x_conditon_right        0x2001'0de2     0x2  Data  Lc  image.o [1]


[1] = D:\智能车\MM32F3277主板资料\【例程】各个模块的使用例程\11_1_TFT_1_8_Display_Demo\IAR\program\Debug\Obj
[2] = dl7M_tlf.a
[3] = m7M_tl.a
[4] = rt7M_tl.a
[5] = shb_l.a

  18 498 bytes of readonly  code memory
   2 028 bytes of readonly  data memory
  81 410 bytes of readwrite data memory

Errors: none
Warnings: none
