###############################################################################
#
# IAR ELF Linker V8.32.3.193/W32 for ARM                  16/Oct/2021  10:51:24
# Copyright 2007-2019 IAR Systems AB.
#
#    Output file  =  
#        D:\智能车\MM32F3277主板资料\【例程】各个模块的使用例程\11_1_TFT_1_8_Display_Demo\IAR\program\Debug\Exe\MM32F3277.out
#    Map file     =  
#        D:\智能车\MM32F3277主板资料\【例程】各个模块的使用例程\11_1_TFT_1_8_Display_Demo\IAR\program\Debug\List\MM32F3277.map
#    Command line =  
#        -f D:\Temp\EW492D.tmp
#        (D:\智能车\MM32F3277主板资料\【例程】各个模块的使用例程\11_1_TFT_1_8_Display_Demo\IAR\program\Debug\Obj\board.o
#        D:\智能车\MM32F3277主板资料\【例程】各个模块的使用例程\11_1_TFT_1_8_Display_Demo\IAR\program\Debug\Obj\button.o
#        D:\智能车\MM32F3277主板资料\【例程】各个模块的使用例程\11_1_TFT_1_8_Display_Demo\IAR\program\Debug\Obj\common.o
#        D:\智能车\MM32F3277主板资料\【例程】各个模块的使用例程\11_1_TFT_1_8_Display_Demo\IAR\program\Debug\Obj\flash.o
#        D:\智能车\MM32F3277主板资料\【例程】各个模块的使用例程\11_1_TFT_1_8_Display_Demo\IAR\program\Debug\Obj\hal_adc.o
#        D:\智能车\MM32F3277主板资料\【例程】各个模块的使用例程\11_1_TFT_1_8_Display_Demo\IAR\program\Debug\Obj\hal_bkp.o
#        D:\智能车\MM32F3277主板资料\【例程】各个模块的使用例程\11_1_TFT_1_8_Display_Demo\IAR\program\Debug\Obj\hal_can.o
#        D:\智能车\MM32F3277主板资料\【例程】各个模块的使用例程\11_1_TFT_1_8_Display_Demo\IAR\program\Debug\Obj\hal_comp.o
#        D:\智能车\MM32F3277主板资料\【例程】各个模块的使用例程\11_1_TFT_1_8_Display_Demo\IAR\program\Debug\Obj\hal_crc.o
#        D:\智能车\MM32F3277主板资料\【例程】各个模块的使用例程\11_1_TFT_1_8_Display_Demo\IAR\program\Debug\Obj\hal_crs.o
#        D:\智能车\MM32F3277主板资料\【例程】各个模块的使用例程\11_1_TFT_1_8_Display_Demo\IAR\program\Debug\Obj\hal_dac.o
#        D:\智能车\MM32F3277主板资料\【例程】各个模块的使用例程\11_1_TFT_1_8_Display_Demo\IAR\program\Debug\Obj\hal_dbg.o
#        D:\智能车\MM32F3277主板资料\【例程】各个模块的使用例程\11_1_TFT_1_8_Display_Demo\IAR\program\Debug\Obj\hal_dma.o
#        D:\智能车\MM32F3277主板资料\【例程】各个模块的使用例程\11_1_TFT_1_8_Display_Demo\IAR\program\Debug\Obj\hal_eth.o
#        D:\智能车\MM32F3277主板资料\【例程】各个模块的使用例程\11_1_TFT_1_8_Display_Demo\IAR\program\Debug\Obj\hal_exti.o
#        D:\智能车\MM32F3277主板资料\【例程】各个模块的使用例程\11_1_TFT_1_8_Display_Demo\IAR\program\Debug\Obj\hal_flash.o
#        D:\智能车\MM32F3277主板资料\【例程】各个模块的使用例程\11_1_TFT_1_8_Display_Demo\IAR\program\Debug\Obj\hal_fsmc.o
#        D:\智能车\MM32F3277主板资料\【例程】各个模块的使用例程\11_1_TFT_1_8_Display_Demo\IAR\program\Debug\Obj\hal_gpio.o
#        D:\智能车\MM32F3277主板资料\【例程】各个模块的使用例程\11_1_TFT_1_8_Display_Demo\IAR\program\Debug\Obj\hal_i2c.o
#        D:\智能车\MM32F3277主板资料\【例程】各个模块的使用例程\11_1_TFT_1_8_Display_Demo\IAR\program\Debug\Obj\hal_iwdg.o
#        D:\智能车\MM32F3277主板资料\【例程】各个模块的使用例程\11_1_TFT_1_8_Display_Demo\IAR\program\Debug\Obj\hal_misc.o
#        D:\智能车\MM32F3277主板资料\【例程】各个模块的使用例程\11_1_TFT_1_8_Display_Demo\IAR\program\Debug\Obj\hal_pwr.o
#        D:\智能车\MM32F3277主板资料\【例程】各个模块的使用例程\11_1_TFT_1_8_Display_Demo\IAR\program\Debug\Obj\hal_rcc.o
#        D:\智能车\MM32F3277主板资料\【例程】各个模块的使用例程\11_1_TFT_1_8_Display_Demo\IAR\program\Debug\Obj\hal_rtc.o
#        D:\智能车\MM32F3277主板资料\【例程】各个模块的使用例程\11_1_TFT_1_8_Display_Demo\IAR\program\Debug\Obj\hal_sdio.o
#        D:\智能车\MM32F3277主板资料\【例程】各个模块的使用例程\11_1_TFT_1_8_Display_Demo\IAR\program\Debug\Obj\hal_spi.o
#        D:\智能车\MM32F3277主板资料\【例程】各个模块的使用例程\11_1_TFT_1_8_Display_Demo\IAR\program\Debug\Obj\hal_tim.o
#        D:\智能车\MM32F3277主板资料\【例程】各个模块的使用例程\11_1_TFT_1_8_Display_Demo\IAR\program\Debug\Obj\hal_uart.o
#        D:\智能车\MM32F3277主板资料\【例程】各个模块的使用例程\11_1_TFT_1_8_Display_Demo\IAR\program\Debug\Obj\hal_uid.o
#        D:\智能车\MM32F3277主板资料\【例程】各个模块的使用例程\11_1_TFT_1_8_Display_Demo\IAR\program\Debug\Obj\hal_ver.o
#        D:\智能车\MM32F3277主板资料\【例程】各个模块的使用例程\11_1_TFT_1_8_Display_Demo\IAR\program\Debug\Obj\hal_wwdg.o
#        D:\智能车\MM32F3277主板资料\【例程】各个模块的使用例程\11_1_TFT_1_8_Display_Demo\IAR\program\Debug\Obj\image.o
#        D:\智能车\MM32F3277主板资料\【例程】各个模块的使用例程\11_1_TFT_1_8_Display_Demo\IAR\program\Debug\Obj\imparam.o
#        D:\智能车\MM32F3277主板资料\【例程】各个模块的使用例程\11_1_TFT_1_8_Display_Demo\IAR\program\Debug\Obj\isr.o
#        D:\智能车\MM32F3277主板资料\【例程】各个模块的使用例程\11_1_TFT_1_8_Display_Demo\IAR\program\Debug\Obj\lcd.o
#        D:\智能车\MM32F3277主板资料\【例程】各个模块的使用例程\11_1_TFT_1_8_Display_Demo\IAR\program\Debug\Obj\main.o
#        D:\智能车\MM32F3277主板资料\【例程】各个模块的使用例程\11_1_TFT_1_8_Display_Demo\IAR\program\Debug\Obj\page.o
#        D:\智能车\MM32F3277主板资料\【例程】各个模块的使用例程\11_1_TFT_1_8_Display_Demo\IAR\program\Debug\Obj\param.o
#        D:\智能车\MM32F3277主板资料\【例程】各个模块的使用例程\11_1_TFT_1_8_Display_Demo\IAR\program\Debug\Obj\pwm.o
#        D:\智能车\MM32F3277主板资料\【例程】各个模块的使用例程\11_1_TFT_1_8_Display_Demo\IAR\program\Debug\Obj\SEEKFREE_18TFT.o
#        D:\智能车\MM32F3277主板资料\【例程】各个模块的使用例程\11_1_TFT_1_8_Display_Demo\IAR\program\Debug\Obj\SEEKFREE_7725.o
#        D:\智能车\MM32F3277主板资料\【例程】各个模块的使用例程\11_1_TFT_1_8_Display_Demo\IAR\program\Debug\Obj\SEEKFREE_ABSOLUTE_ENCODER.o
#        D:\智能车\MM32F3277主板资料\【例程】各个模块的使用例程\11_1_TFT_1_8_Display_Demo\IAR\program\Debug\Obj\SEEKFREE_ASSERT.o
#        D:\智能车\MM32F3277主板资料\【例程】各个模块的使用例程\11_1_TFT_1_8_Display_Demo\IAR\program\Debug\Obj\SEEKFREE_FONT.o
#        D:\智能车\MM32F3277主板资料\【例程】各个模块的使用例程\11_1_TFT_1_8_Display_Demo\IAR\program\Debug\Obj\SEEKFREE_ICM20602.o
#        D:\智能车\MM32F3277主板资料\【例程】各个模块的使用例程\11_1_TFT_1_8_Display_Demo\IAR\program\Debug\Obj\SEEKFREE_IIC.o
#        D:\智能车\MM32F3277主板资料\【例程】各个模块的使用例程\11_1_TFT_1_8_Display_Demo\IAR\program\Debug\Obj\SEEKFREE_IPS114_SPI.o
#        D:\智能车\MM32F3277主板资料\【例程】各个模块的使用例程\11_1_TFT_1_8_Display_Demo\IAR\program\Debug\Obj\SEEKFREE_IPS200_PARALLEL8.o
#        D:\智能车\MM32F3277主板资料\【例程】各个模块的使用例程\11_1_TFT_1_8_Display_Demo\IAR\program\Debug\Obj\SEEKFREE_L3G4200D.o
#        D:\智能车\MM32F3277主板资料\【例程】各个模块的使用例程\11_1_TFT_1_8_Display_Demo\IAR\program\Debug\Obj\SEEKFREE_MMA8451.o
#        D:\智能车\MM32F3277主板资料\【例程】各个模块的使用例程\11_1_TFT_1_8_Display_Demo\IAR\program\Debug\Obj\SEEKFREE_MPU6050.o
#        D:\智能车\MM32F3277主板资料\【例程】各个模块的使用例程\11_1_TFT_1_8_Display_Demo\IAR\program\Debug\Obj\SEEKFREE_MT9V03X.o
#        D:\智能车\MM32F3277主板资料\【例程】各个模块的使用例程\11_1_TFT_1_8_Display_Demo\IAR\program\Debug\Obj\SEEKFREE_OLED.o
#        D:\智能车\MM32F3277主板资料\【例程】各个模块的使用例程\11_1_TFT_1_8_Display_Demo\IAR\program\Debug\Obj\SEEKFREE_PRINTF.o
#        D:\智能车\MM32F3277主板资料\【例程】各个模块的使用例程\11_1_TFT_1_8_Display_Demo\IAR\program\Debug\Obj\SEEKFREE_TSL1401.o
#        D:\智能车\MM32F3277主板资料\【例程】各个模块的使用例程\11_1_TFT_1_8_Display_Demo\IAR\program\Debug\Obj\SEEKFREE_UART_7725.o
#        D:\智能车\MM32F3277主板资料\【例程】各个模块的使用例程\11_1_TFT_1_8_Display_Demo\IAR\program\Debug\Obj\SEEKFREE_VIRSCO.o
#        D:\智能车\MM32F3277主板资料\【例程】各个模块的使用例程\11_1_TFT_1_8_Display_Demo\IAR\program\Debug\Obj\SEEKFREE_WIRELESS.o
#        D:\智能车\MM32F3277主板资料\【例程】各个模块的使用例程\11_1_TFT_1_8_Display_Demo\IAR\program\Debug\Obj\startup_mm32f327x_iar.o
#        D:\智能车\MM32F3277主板资料\【例程】各个模块的使用例程\11_1_TFT_1_8_Display_Demo\IAR\program\Debug\Obj\system_mm32f327x.o
#        D:\智能车\MM32F3277主板资料\【例程】各个模块的使用例程\11_1_TFT_1_8_Display_Demo\IAR\program\Debug\Obj\zf_adc.o
#        D:\智能车\MM32F3277主板资料\【例程】各个模块的使用例程\11_1_TFT_1_8_Display_Demo\IAR\program\Debug\Obj\zf_camera.o
#        D:\智能车\MM32F3277主板资料\【例程】各个模块的使用例程\11_1_TFT_1_8_Display_Demo\IAR\program\Debug\Obj\zf_exti.o
#        D:\智能车\MM32F3277主板资料\【例程】各个模块的使用例程\11_1_TFT_1_8_Display_Demo\IAR\program\Debug\Obj\zf_flash.o
#        D:\智能车\MM32F3277主板资料\【例程】各个模块的使用例程\11_1_TFT_1_8_Display_Demo\IAR\program\Debug\Obj\zf_fsmc.o
#        D:\智能车\MM32F3277主板资料\【例程】各个模块的使用例程\11_1_TFT_1_8_Display_Demo\IAR\program\Debug\Obj\zf_gpio.o
#        D:\智能车\MM32F3277主板资料\【例程】各个模块的使用例程\11_1_TFT_1_8_Display_Demo\IAR\program\Debug\Obj\zf_pit.o
#        D:\智能车\MM32F3277主板资料\【例程】各个模块的使用例程\11_1_TFT_1_8_Display_Demo\IAR\program\Debug\Obj\zf_pwm.o
#        D:\智能车\MM32F3277主板资料\【例程】各个模块的使用例程\11_1_TFT_1_8_Display_Demo\IAR\program\Debug\Obj\zf_spi.o
#        D:\智能车\MM32F3277主板资料\【例程】各个模块的使用例程\11_1_TFT_1_8_Display_Demo\IAR\program\Debug\Obj\zf_systick.o
#        D:\智能车\MM32F3277主板资料\【例程】各个模块的使用例程\11_1_TFT_1_8_Display_Demo\IAR\program\Debug\Obj\zf_tim.o
#        D:\智能车\MM32F3277主板资料\【例程】各个模块的使用例程\11_1_TFT_1_8_Display_Demo\IAR\program\Debug\Obj\zf_uart.o
#        --no_out_extension -o
#        D:\智能车\MM32F3277主板资料\【例程】各个模块的使用例程\11_1_TFT_1_8_Display_Demo\IAR\program\Debug\Exe\MM32F3277.out
#        --map
#        D:\智能车\MM32F3277主板资料\【例程】各个模块的使用例程\11_1_TFT_1_8_Display_Demo\IAR\program\Debug\List\MM32F3277.map
#        --config
#        D:\智能车\MM32F3277主板资料\【例程】各个模块的使用例程\11_1_TFT_1_8_Display_Demo\IAR\program\MM32F3270.icf
#        --semihosting --entry __iar_program_start --vfe --text_out locale)
#
###############################################################################

*******************************************************************************
*** RUNTIME MODEL ATTRIBUTES
***

CppFlavor       = *
__SystemLibrary = DLib
__dlib_version  = 6


*******************************************************************************
*** HEAP SELECTION
***

The basic heap was selected because no calls to memory allocation
functions were found in the application outside of system library
functions, and there are calls to deallocation functions in the
application.


*******************************************************************************
*** PLACEMENT SUMMARY
***

"A0":  place at 0x800'0000 { ro section .intvec };
"P1":  place in [from 0x800'0000 to 0x807'ffff] { ro };
define block CSTACK with size = 12K, alignment = 8 { };
define block HEAP with size = 2K, alignment = 8 { };
"P2":  place in [from 0x2000'0000 to 0x2001'ffff] {
          rw, block CSTACK, block HEAP };
initialize by copy { rw };

  Section            Kind         Address     Size  Object
  -------            ----         -------     ----  ------
"A0":                                        0x190
  .intvec            ro code   0x800'0000    0x190  startup_mm32f327x_iar.o [1]
                             - 0x800'0190    0x190

"P1":                                       0x63ce
  .text              ro code   0x800'0190    0xcac  page.o [1]
  .text              ro code   0x800'0e3c    0x5fc  SEEKFREE_18TFT.o [1]
  .text              ro code   0x800'1438     0x70  zf_systick.o [1]
  .text              ro code   0x800'14a8    0x2e0  zf_gpio.o [1]
  .text              ro code   0x800'1788    0x53e  lcd.o [1]
  .text              ro code   0x800'1cc6     0x3a  zero_init3.o [4]
  .text              ro code   0x800'1d00    0x140  zf_flash.o [1]
  .text              ro code   0x800'1e40     0x2a  FltToS32.o [3]
  .text              ro code   0x800'1e6a      0x2  startup_mm32f327x_iar.o [1]
  .text              ro code   0x800'1e6c     0x24  FltCmpGe.o [3]
  .text              ro code   0x800'1e90     0xe2  FltAdd.o [3]
  .text              ro code   0x800'1f74     0x24  FltCmpLe.o [3]
  .text              ro code   0x800'1f98     0x4e  flash.o [1]
  .text              ro code   0x800'1fe8    0x2c0  zf_spi.o [1]
  .text              ro code   0x800'22a8     0x18  SEEKFREE_ASSERT.o [1]
  .text              ro code   0x800'22c0    0x100  hal_flash.o [1]
  .text              ro code   0x800'23c0     0x74  FltSub.o [3]
  .text              ro code   0x800'2434     0x28  printf.o [2]
  .text              ro code   0x800'245c    0x13e  xprintftiny.o [2]
  .text              ro code   0x800'259c     0x36  strlen.o [4]
  .text              ro code   0x800'25d4    0xb18  image.o [1]
  .text              ro code   0x800'30ec      0x6  ABImemclr4.o [4]
  .text              ro code   0x800'30f4     0x1c  U32ToFlt.o [3]
  .text              ro code   0x800'3110     0xfc  FltDiv.o [3]
  .text              ro code   0x800'320c     0x48  FltToDbl.o [3]
  .text              ro code   0x800'3254    0x1a2  DblMul.o [3]
  .text              ro code   0x800'33f8     0x1a  U32ToDbl.o [3]
  .text              ro code   0x800'3414    0x246  DblDiv.o [3]
  .text              ro code   0x800'365c    0x17a  DblAdd.o [3]
  .text              ro code   0x800'37d8     0x68  DblToFlt.o [3]
  .text              ro code   0x800'3840     0xd8  FltMul.o [3]
  .text              ro code   0x800'3918     0x66  ABImemset.o [4]
  .text              ro code   0x800'3980     0x32  ABImemset48.o [4]
  .text              ro code   0x800'39b4     0xd2  DblSub.o [3]
  .rodata            const     0x800'3a88    0x5f0  SEEKFREE_FONT.o [1]
  .text              ro code   0x800'4078    0x5e4  isr.o [1]
  .text              ro code   0x800'465c    0x198  button.o [1]
  .text              ro code   0x800'47f4    0x15c  pwm.o [1]
  .text              ro code   0x800'4950     0x7c  SEEKFREE_UART_7725.o [1]
  .text              ro code   0x800'49cc    0x280  SEEKFREE_MT9V03X.o [1]
  .text              ro code   0x800'4c4c    0x148  hal_exti.o [1]
  .text              ro code   0x800'4d94    0x230  I64DivMod.o [4]
  .text              ro code   0x800'4fc4     0x34  SEEKFREE_7725.o [1]
  .text              ro code   0x800'4ff8    0x128  hal_dma.o [1]
  .text              ro code   0x800'5120    0x3e0  zf_pwm.o [1]
  .text              ro code   0x800'5500     0x22  FltToU32.o [3]
  .text              ro code   0x800'5524    0x260  zf_uart.o [1]
  .text              ro code   0x800'5784    0x100  zf_exti.o [1]
  .text              ro code   0x800'5884     0x34  common.o [1]
  .text              ro code   0x800'58b8    0x21c  zf_camera.o [1]
  .text              ro code   0x800'5ad4     0x6c  hal_rcc.o [1]
  .text              ro code   0x800'5b40      0x2  I64DivZer.o [4]
  .text              ro code   0x800'5b44     0x70  hal_misc.o [1]
  .text              ro code   0x800'5bb4    0x138  hal_tim.o [1]
  .text              ro code   0x800'5cec    0x2b0  system_mm32f327x.o [1]
  .text              ro code   0x800'5f9c     0xe4  zf_pit.o [1]
  .text              ro code   0x800'6080     0xcc  main.o [1]
  .text              ro code   0x800'614c     0x1c  board.o [1]
  .rodata            const     0x800'6168     0x7c  SEEKFREE_18TFT.o [1]
  .text              ro code   0x800'61e4     0x38  packbits_init_single.o [4]
  .rodata            const     0x800'621c     0x2c  SEEKFREE_ASSERT.o [1]
  .text              ro code   0x800'6248     0x28  data_init.o [4]
  .iar.init_table    const     0x800'6270     0x20  - Linker created -
  .text              ro code   0x800'6290     0x1e  cmain.o [4]
  .text              ro code   0x800'62ae      0x4  low_level_init.o [2]
  .text              ro code   0x800'62b2      0x4  exit.o [2]
  .text              ro code   0x800'62b8      0xa  cexit.o [4]
  .text              ro code   0x800'62c4     0x14  exit.o [5]
  .text              ro code   0x800'62d8     0x16  xprout.o [2]
  .text              ro code   0x800'62f0      0xc  putchar.o [2]
  .rodata            const     0x800'62fc     0x14  page.o [1]
  .rodata            const     0x800'6310     0x14  page.o [1]
  .rodata            const     0x800'6324     0x14  page.o [1]
  .rodata            const     0x800'6338     0x14  page.o [1]
  .rodata            const     0x800'634c     0x14  page.o [1]
  .rodata            const     0x800'6360     0x10  page.o [1]
  .rodata            const     0x800'6370     0x10  page.o [1]
  .rodata            const     0x800'6380     0x10  page.o [1]
  .rodata            const     0x800'6390     0x10  page.o [1]
  .text              ro code   0x800'63a0     0x10  startup_mm32f327x_iar.o [1]
  .rodata            const     0x800'63b0      0xc  page.o [1]
  .rodata            const     0x800'63bc      0xc  page.o [1]
  .rodata            const     0x800'63c8      0xc  page.o [1]
  .rodata            const     0x800'63d4      0xc  page.o [1]
  .rodata            const     0x800'63e0      0xc  page.o [1]
  .rodata            const     0x800'63ec      0xc  page.o [1]
  .rodata            const     0x800'63f8      0xc  page.o [1]
  .rodata            const     0x800'6404      0xc  SEEKFREE_18TFT.o [1]
  .rodata            const     0x800'6410      0xc  SEEKFREE_18TFT.o [1]
  .rodata            const     0x800'641c      0xc  SEEKFREE_18TFT.o [1]
  .rodata            const     0x800'6428      0xc  SEEKFREE_18TFT.o [1]
  .text              ro code   0x800'6434      0xc  cstartup_M.o [4]
  .rodata            const     0x800'6440      0x8  page.o [1]
  .rodata            const     0x800'6448      0x8  page.o [1]
  .rodata            const     0x800'6450      0x8  page.o [1]
  .rodata            const     0x800'6458      0x8  zf_pit.o [1]
  .rodata            const     0x800'6460      0x0  zero_init3.o [4]
  .rodata            const     0x800'6460      0x0  packbits_init_single.o [4]
  Initializer bytes  const     0x800'6460     0xfe  <for P2-1>
                             - 0x800'655e   0x63ce

"P2", part 1 of 3:                           0x11f
  P2-1                        0x2000'0000    0x11f  <Init block>
    .data            inited   0x2000'0000      0x4  page.o [1]
    .data            inited   0x2000'0004     0x24  SEEKFREE_MT9V03X.o [1]
    .data            inited   0x2000'0028     0x20  SEEKFREE_MT9V03X.o [1]
    .data            inited   0x2000'0048      0x4  system_mm32f327x.o [1]
    .data            inited   0x2000'004c     0x20  zf_gpio.o [1]
    .data            inited   0x2000'006c      0xc  zf_spi.o [1]
    .data            inited   0x2000'0078     0x20  zf_tim.o [1]
    .data            inited   0x2000'0098     0x20  zf_uart.o [1]
    .data            inited   0x2000'00b8      0x8  zf_uart.o [1]
    .data            inited   0x2000'00c0     0x48  xfiles.o [2]
    .data            inited   0x2000'0108      0x2  imparam.o [1]
    .data            inited   0x2000'010a      0x2  imparam.o [1]
    .data            inited   0x2000'010c      0x2  imparam.o [1]
    .data            inited   0x2000'010e      0x2  imparam.o [1]
    .data            inited   0x2000'0110      0x2  imparam.o [1]
    .data            inited   0x2000'0112      0x2  imparam.o [1]
    .data            inited   0x2000'0114      0x2  imparam.o [1]
    .data            inited   0x2000'0116      0x2  imparam.o [1]
    .data            inited   0x2000'0118      0x2  imparam.o [1]
    .data            inited   0x2000'011a      0x2  param.o [1]
    .data            inited   0x2000'011c      0x1  SEEKFREE_MT9V03X.o [1]
    .data            inited   0x2000'011d      0x1  zf_flash.o [1]
    .data            inited   0x2000'011e      0x1  zf_flash.o [1]
                            - 0x2000'011f    0x11f

"P2", part 2 of 3:                         0x10d18
  .bss               zero     0x2000'0120   0xb040  SEEKFREE_MT9V03X.o [1]
  .bss               zero     0x2000'b160   0x5820  imparam.o [1]
  .bss               zero     0x2001'0980    0x100  imparam.o [1]
  .bss               zero     0x2001'0a80     0xf0  image.o [1]
  .bss               zero     0x2001'0b70     0xf0  imparam.o [1]
  .bss               zero     0x2001'0c60     0xf0  imparam.o [1]
  .bss               zero     0x2001'0d50     0x50  xfiles.o [2]
  .bss               zero     0x2001'0da0     0x20  page.o [1]
  .bss               zero     0x2001'0dc0     0x20  zf_pwm.o [1]
  .bss               zero     0x2001'0de0      0xc  page.o [1]
  .bss               zero     0x2001'0dec      0x4  button.o [1]
  .bss               zero     0x2001'0df0      0x4  button.o [1]
  .bss               zero     0x2001'0df4      0x4  common.o [1]
  .bss               zero     0x2001'0df8      0x4  image.o [1]
  .bss               zero     0x2001'0dfc      0x4  imparam.o [1]
  .bss               zero     0x2001'0e00      0x4  param.o [1]
  .bss               zero     0x2001'0e04      0x4  param.o [1]
  .bss               zero     0x2001'0e08      0x4  SEEKFREE_MT9V03X.o [1]
  .bss               zero     0x2001'0e0c      0x4  SEEKFREE_UART_7725.o [1]
  .bss               zero     0x2001'0e10      0x2  image.o [1]
  .bss               zero     0x2001'0e12      0x2  image.o [1]
  .bss               zero     0x2001'0e14      0x2  image.o [1]
  .bss               zero     0x2001'0e16      0x2  imparam.o [1]
  .bss               zero     0x2001'0e18      0x2  imparam.o [1]
  .bss               zero     0x2001'0e1a      0x2  imparam.o [1]
  .bss               zero     0x2001'0e1c      0x2  imparam.o [1]
  .bss               zero     0x2001'0e1e      0x2  imparam.o [1]
  .bss               zero     0x2001'0e20      0x2  SEEKFREE_MT9V03X.o [1]
  .bss               zero     0x2001'0e22      0x2  SEEKFREE_MT9V03X.o [1]
  .bss               zero     0x2001'0e24      0x1  button.o [1]
  .bss               zero     0x2001'0e25      0x1  common.o [1]
  .bss               zero     0x2001'0e26      0x1  image.o [1]
  .bss               zero     0x2001'0e27      0x1  image.o [1]
  .bss               zero     0x2001'0e28      0x1  page.o [1]
  .bss               zero     0x2001'0e29      0x1  page.o [1]
  .bss               zero     0x2001'0e2a      0x1  page.o [1]
  .bss               zero     0x2001'0e2b      0x1  page.o [1]
  .bss               zero     0x2001'0e2c      0x1  page.o [1]
  .bss               zero     0x2001'0e2d      0x1  page.o [1]
  .bss               zero     0x2001'0e2e      0x1  param.o [1]
  .bss               zero     0x2001'0e2f      0x1  pwm.o [1]
  .bss               zero     0x2001'0e30      0x1  pwm.o [1]
  .bss               zero     0x2001'0e31      0x1  SEEKFREE_7725.o [1]
  .bss               zero     0x2001'0e32      0x1  SEEKFREE_MT9V03X.o [1]
  .bss               zero     0x2001'0e33      0x1  SEEKFREE_MT9V03X.o [1]
  .bss               zero     0x2001'0e34      0x1  SEEKFREE_MT9V03X.o [1]
  .bss               zero     0x2001'0e35      0x1  SEEKFREE_UART_7725.o [1]
  .bss               zero     0x2001'0e36      0x1  SEEKFREE_UART_7725.o [1]
  .bss               zero     0x2001'0e37      0x1  SEEKFREE_UART_7725.o [1]
                            - 0x2001'0e38  0x10d18

"P2", part 3 of 3:                          0x3000
  CSTACK                      0x2001'0e38   0x3000  <Block>
    CSTACK           uninit   0x2001'0e38   0x3000  <Block tail>
                            - 0x2001'3e38   0x3000

Unused ranges:

         From           To      Size
         ----           --      ----
   0x800'655e   0x807'ffff  0x7'9aa2
  0x2000'011f  0x2000'011f       0x1
  0x2001'3e38  0x2001'ffff    0xc1c8


*******************************************************************************
*** INIT TABLE
***

          Address      Size
          -------      ----
Zero (__iar_zero_init3)
    1 destination range, total size 0x10d18:
          0x2000'0120  0x10d18

Copy/packbits (__iar_packbits_init_single3)
    1 source range, total size 0xfe (88% of destination):
           0x800'6460     0xfe
    1 destination range, total size 0x11f:
          0x2000'0000    0x11f



*******************************************************************************
*** MODULE SUMMARY
***

    Module                   ro code  ro data  rw data
    ------                   -------  -------  -------
command line/config:
    --------------------------------------------------
    Total:

D:\智能车\MM32F3277主板资料\【例程】各个模块的使用例程\11_1_TFT_1_8_Display_Demo\IAR\program\Debug\Obj: [1]
    SEEKFREE_18TFT.o           1 532      172
    SEEKFREE_7725.o               52                 1
    SEEKFREE_ASSERT.o             24       44
    SEEKFREE_FONT.o                     1 520
    SEEKFREE_MT9V03X.o           640       61   45 200
    SEEKFREE_UART_7725.o         124                 7
    board.o                       28
    button.o                     408                 9
    common.o                      52                 5
    flash.o                       78
    hal_dma.o                    296
    hal_exti.o                   328
    hal_flash.o                  256
    hal_misc.o                   112
    hal_rcc.o                    108
    hal_tim.o                    312
    image.o                    2 840               252
    imparam.o                              16   23 328
    isr.o                      1 508
    lcd.o                      1 342
    main.o                       204
    page.o                     3 244      275       54
    param.o                                 2       11
    pwm.o                        348                 2
    startup_mm32f327x_iar.o      418
    system_mm32f327x.o           688        4        4
    zf_camera.o                  540
    zf_exti.o                    256
    zf_flash.o                   320        1        2
    zf_gpio.o                    736       28       32
    zf_pit.o                     228        8
    zf_pwm.o                     992                32
    zf_spi.o                     704       11       12
    zf_systick.o                 112
    zf_tim.o                               28       32
    zf_uart.o                    608       35       40
    --------------------------------------------------
    Total:                    19 438    2 205   69 023

dl7M_tlf.a: [2]
    exit.o                         4
    low_level_init.o               4
    printf.o                      40
    putchar.o                     12
    xfiles.o                               64      152
    xprintftiny.o                318
    xprout.o                      22
    --------------------------------------------------
    Total:                       400       64      152

m7M_tl.a: [3]
    DblAdd.o                     378
    DblDiv.o                     582
    DblMul.o                     418
    DblSub.o                     210
    DblToFlt.o                   104
    FltAdd.o                     226
    FltCmpGe.o                    36
    FltCmpLe.o                    36
    FltDiv.o                     252
    FltMul.o                     216
    FltSub.o                     116
    FltToDbl.o                    72
    FltToS32.o                    42
    FltToU32.o                    34
    U32ToDbl.o                    26
    U32ToFlt.o                    28
    --------------------------------------------------
    Total:                     2 776

rt7M_tl.a: [4]
    ABImemclr4.o                   6
    ABImemset.o                  102
    ABImemset48.o                 50
    I64DivMod.o                  560
    I64DivZer.o                    2
    cexit.o                       10
    cmain.o                       30
    cstartup_M.o                  12
    data_init.o                   40
    packbits_init_single.o        56
    strlen.o                      54
    zero_init3.o                  58
    --------------------------------------------------
    Total:                       980

shb_l.a: [5]
    exit.o                        20
    --------------------------------------------------
    Total:                        20

    Gaps                          32        2
    Linker created                         33   12 288
------------------------------------------------------
    Grand Total:              23 646    2 304   81 463


*******************************************************************************
*** ENTRY LIST
***

Entry                       Address    Size  Type      Object
-----                       -------    ----  ----      ------
.iar.init_table$$Base    0x800'6270           --   Gb  - Linker created -
.iar.init_table$$Limit   0x800'6290           --   Gb  - Linker created -
?main                    0x800'6291          Code  Gb  cmain.o [4]
AutoCalPllFactor         0x800'5d31    0x54  Code  Gb  system_mm32f327x.o [1]
BusFault_Handler         0x800'58af     0x2  Code  Gb  common.o [1]
CLEAR_ALL               0x2001'0e28     0x1  Data  Lc  page.o [1]
CSTACK$$Base            0x2001'0e38           --   Gb  - Linker created -
CSTACK$$Limit           0x2001'3e38           --   Gb  - Linker created -
DEBOUNCE_TIME           0x2001'0dec     0x4  Data  Lc  button.o [1]
DELAY_xUs                0x800'5d85    0x2e  Code  Lc  system_mm32f327x.o [1]
DMA1_Channel1_IRQHandler
                         0x800'4483    0x14  Code  Gb  isr.o [1]
DMA1_Channel2_IRQHandler
                         0x800'4497    0x14  Code  Gb  isr.o [1]
DMA1_Channel3_IRQHandler
                         0x800'44ab    0x18  Code  Gb  isr.o [1]
DMA1_Channel4_IRQHandler
                         0x800'44c3    0x44  Code  Gb  isr.o [1]
DMA1_Channel5_IRQHandler
                         0x800'4507    0x18  Code  Gb  isr.o [1]
DMA1_Channel6_IRQHandler
                         0x800'451f    0x18  Code  Gb  isr.o [1]
DMA1_Channel7_IRQHandler
                         0x800'4537    0x18  Code  Gb  isr.o [1]
DMA2_Channel1_IRQHandler
                         0x800'454f    0x16  Code  Gb  isr.o [1]
DMA2_Channel2_IRQHandler
                         0x800'4565    0x16  Code  Gb  isr.o [1]
DMA2_Channel3_IRQHandler
                         0x800'457b    0x16  Code  Gb  isr.o [1]
DMA2_Channel4_IRQHandler
                         0x800'4591    0x16  Code  Gb  isr.o [1]
DMA2_Channel5_IRQHandler
                         0x800'45a7    0x16  Code  Gb  isr.o [1]
DMA_ClearFlag            0x800'50f7    0x12  Code  Gb  hal_dma.o [1]
DMA_Cmd                  0x800'50a3     0xe  Code  Gb  hal_dma.o [1]
DMA_DeInit               0x800'4ff9    0x5a  Code  Gb  hal_dma.o [1]
DMA_GetFlagStatus        0x800'50cd    0x2a  Code  Gb  hal_dma.o [1]
DMA_ITConfig             0x800'50b1    0x1c  Code  Gb  hal_dma.o [1]
DMA_Init                 0x800'5053    0x50  Code  Gb  hal_dma.o [1]
DebugMon_Handler         0x800'58b5     0x2  Code  Gb  common.o [1]
EXTI0_IRQHandler         0x800'4293    0xca  Code  Gb  isr.o [1]
EXTI15_10_IRQHandler     0x800'4407    0x7c  Code  Gb  isr.o [1]
EXTI1_IRQHandler         0x800'435d     0xa  Code  Gb  isr.o [1]
EXTI2_IRQHandler         0x800'4367     0xa  Code  Gb  isr.o [1]
EXTI3_IRQHandler         0x800'4371     0xa  Code  Gb  isr.o [1]
EXTI4_IRQHandler         0x800'437b     0xa  Code  Gb  isr.o [1]
EXTI9_5_IRQHandler       0x800'4385    0x82  Code  Gb  isr.o [1]
EXTI_ClearFlag           0x800'4d57     0x6  Code  Gb  hal_exti.o [1]
EXTI_GenerateSWInterrupt
                         0x800'4d4d     0xa  Code  Gb  hal_exti.o [1]
EXTI_GetITStatus         0x800'4d5d    0x1a  Code  Gb  hal_exti.o [1]
EXTI_Init                0x800'4c97    0xa4  Code  Gb  hal_exti.o [1]
EXTI_LineConfig          0x800'4c4d    0x4a  Code  Gb  hal_exti.o [1]
EXTI_StructInit          0x800'4d3b    0x12  Code  Gb  hal_exti.o [1]
FLASH_ClearFlag          0x800'233b     0x8  Code  Gb  hal_flash.o [1]
FLASH_ErasePage          0x800'22d9    0x22  Code  Gb  hal_flash.o [1]
FLASH_GetStatus          0x800'2343    0x2c  Code  Gb  hal_flash.o [1]
FLASH_Lock               0x800'22c1     0xc  Code  Gb  hal_flash.o [1]
FLASH_ProgramHalfWord    0x800'22fb    0x16  Code  Gb  hal_flash.o [1]
FLASH_ProgramWord        0x800'2311    0x2a  Code  Gb  hal_flash.o [1]
FLASH_Unlock             0x800'22cd     0xc  Code  Gb  hal_flash.o [1]
FLASH_WaitForLastOperation
                         0x800'236f    0x38  Code  Gb  hal_flash.o [1]
GET_CFG                 0x2000'0028    0x20  Data  Gb  SEEKFREE_MT9V03X.o [1]
HardFault_Handler        0x800'58ab     0x2  Code  Gb  common.o [1]
LAST_BUTTON_VALUE       0x2001'0e24     0x1  Data  Lc  button.o [1]
LONG_PRESSED_TIME       0x2001'0df0     0x4  Data  Lc  button.o [1]
MODE                    0x2001'0e2a     0x1  Data  Lc  page.o [1]
MOTOR                   0x2001'0e2d     0x1  Data  Gb  page.o [1]
MT9V03X_CFG             0x2000'0004    0x24  Data  Gb  SEEKFREE_MT9V03X.o [1]
MemManage_Handler        0x800'58ad     0x2  Code  Gb  common.o [1]
NMI_Handler              0x800'58a9     0x2  Code  Gb  common.o [1]
NVIC_Init                0x800'5b45    0x5e  Code  Gb  hal_misc.o [1]
PendSV_Handler           0x800'58b7     0x2  Code  Gb  common.o [1]
RCC_AHBPeriphClockCmd    0x800'5ad5    0x20  Code  Gb  hal_rcc.o [1]
RCC_APB1PeriphClockCmd   0x800'5b15    0x20  Code  Gb  hal_rcc.o [1]
RCC_APB2PeriphClockCmd   0x800'5af5    0x20  Code  Gb  hal_rcc.o [1]
Region$$Table$$Base      0x800'6270           --   Gb  - Linker created -
Region$$Table$$Limit     0x800'6290           --   Gb  - Linker created -
SERVO                   0x2000'0000     0x4  Data  Gb  page.o [1]
SVC_Handler              0x800'58b3     0x2  Code  Gb  common.o [1]
SetSysClock              0x800'5db3    0x26  Code  Lc  system_mm32f327x.o [1]
SetSysClockToXX          0x800'5dd9   0x170  Code  Lc  system_mm32f327x.o [1]
SystemCoreClock         0x2000'0048     0x4  Data  Gb  system_mm32f327x.o [1]
SystemInit               0x800'5ced    0x44  Code  Gb  system_mm32f327x.o [1]
TIM1_UP_IRQHandler       0x800'4079    0x10  Code  Gb  isr.o [1]
TIM2_IRQHandler          0x800'4099    0x10  Code  Gb  isr.o [1]
TIM3_IRQHandler          0x800'40e3    0x10  Code  Gb  isr.o [1]
TIM4_IRQHandler          0x800'40f3    0x10  Code  Gb  isr.o [1]
TIM5_IRQHandler          0x800'40a9    0x3a  Code  Gb  isr.o [1]
TIM6_IRQHandler          0x800'4103    0x10  Code  Gb  isr.o [1]
TIM7_IRQHandler          0x800'4113    0x10  Code  Gb  isr.o [1]
TIM8_UP_IRQHandler       0x800'4089    0x10  Code  Gb  isr.o [1]
TIM_Cmd                  0x800'5c29    0x1a  Code  Gb  hal_tim.o [1]
TIM_DMACmd               0x800'5c43    0x1c  Code  Gb  hal_tim.o [1]
TIM_ETRClockMode1Config
                         0x800'5c93    0x1a  Code  Gb  hal_tim.o [1]
TIM_ETRConfig            0x800'5c5f    0x34  Code  Gb  hal_tim.o [1]
TIM_SelectInputTrigger   0x800'5cad     0xe  Code  Gb  hal_tim.o [1]
TIM_SelectMasterSlaveMode
                         0x800'5cc9     0xe  Code  Gb  hal_tim.o [1]
TIM_SelectSlaveMode      0x800'5cbb     0xe  Code  Gb  hal_tim.o [1]
TIM_TimeBaseInit         0x800'5bb5    0x74  Code  Gb  hal_tim.o [1]
UART1_IRQHandler         0x800'4123    0x2a  Code  Gb  isr.o [1]
UART2_IRQHandler         0x800'414d    0x2a  Code  Gb  isr.o [1]
UART3_IRQHandler         0x800'4177    0x2a  Code  Gb  isr.o [1]
UART4_IRQHandler         0x800'41a1    0x2a  Code  Gb  isr.o [1]
UART5_IRQHandler         0x800'41cb    0x2a  Code  Gb  isr.o [1]
UART6_IRQHandler         0x800'41f5    0x2a  Code  Gb  isr.o [1]
UART7_IRQHandler         0x800'421f    0x2a  Code  Gb  isr.o [1]
UART8_IRQHandler         0x800'4249    0x4a  Code  Gb  isr.o [1]
UsageFault_Handler       0x800'58b1     0x2  Code  Gb  common.o [1]
_PrintfTiny              0x800'2475   0x126  Code  Gb  xprintftiny.o [2]
_Prout                   0x800'62d9    0x16  Code  Gb  xprout.o [2]
__Vectors                0x800'0000           --   Gb  startup_mm32f327x_iar.o [1]
__Vectors_End            0x800'0190          Data  Gb  startup_mm32f327x_iar.o [1]
__Vectors_Size {Abs}          0x190           --   Gb  startup_mm32f327x_iar.o [1]
__aeabi_assert           0x800'22a9    0x18  Code  Gb  SEEKFREE_ASSERT.o [1]
__aeabi_cfcmple          0x800'1f75          Code  Gb  FltCmpLe.o [3]
__aeabi_cfrcmple         0x800'1e6d          Code  Gb  FltCmpGe.o [3]
__aeabi_d2f              0x800'37d9          Code  Gb  DblToFlt.o [3]
__aeabi_dadd             0x800'365d          Code  Gb  DblAdd.o [3]
__aeabi_ddiv             0x800'3415          Code  Gb  DblDiv.o [3]
__aeabi_dmul             0x800'3255          Code  Gb  DblMul.o [3]
__aeabi_f2d              0x800'320d          Code  Gb  FltToDbl.o [3]
__aeabi_f2iz             0x800'1e41          Code  Gb  FltToS32.o [3]
__aeabi_f2uiz            0x800'5501          Code  Gb  FltToU32.o [3]
__aeabi_fadd             0x800'1e91          Code  Gb  FltAdd.o [3]
__aeabi_fdiv             0x800'3111          Code  Gb  FltDiv.o [3]
__aeabi_fmul             0x800'3841          Code  Gb  FltMul.o [3]
__aeabi_ldiv0            0x800'5b41          Code  Gb  I64DivZer.o [4]
__aeabi_memclr4          0x800'30ed          Code  Gb  ABImemclr4.o [4]
__aeabi_memset           0x800'3919          Code  Gb  ABImemset.o [4]
__aeabi_ui2d             0x800'33f9          Code  Gb  U32ToDbl.o [3]
__aeabi_ui2f             0x800'30f5          Code  Gb  U32ToFlt.o [3]
__aeabi_uldivmod         0x800'4d95          Code  Gb  I64DivMod.o [4]
__cmain                  0x800'6291          Code  Gb  cmain.o [4]
__exit                   0x800'62c5    0x14  Code  Gb  exit.o [5]
__iar_Memset             0x800'3919          Code  Gb  ABImemset.o [4]
__iar_Memset4_word       0x800'3981          Code  Gb  ABImemset48.o [4]
__iar_Memset8_word       0x800'3981          Code  Gb  ABImemset48.o [4]
__iar_Memset_word        0x800'3921          Code  Gb  ABImemset.o [4]
__iar_Stdout            0x2000'00c0    0x48  Data  Gb  xfiles.o [2]
__iar_dadd               0x800'39b5          Code  Gb  DblSub.o [3]
__iar_data_init3         0x800'6249    0x28  Code  Gb  data_init.o [4]
__iar_dsub               0x800'366d          Code  Gb  DblAdd.o [3]
__iar_dsubStart          0x800'367f          Code  Gb  DblAdd.o [3]
__iar_fadd               0x800'23c1          Code  Gb  FltSub.o [3]
__iar_fsub               0x800'1e9d          Code  Gb  FltAdd.o [3]
__iar_fsubStart          0x800'1ead          Code  Gb  FltAdd.o [3]
__iar_packbits_init_single3
                         0x800'61e5    0x38  Code  Gb  packbits_init_single.o [4]
__iar_program_start      0x800'6435          Code  Gb  cstartup_M.o [4]
__iar_zero_init3         0x800'1cc7    0x3a  Code  Gb  zero_init3.o [4]
__low_level_init         0x800'62af     0x4  Code  Gb  low_level_init.o [2]
__vector_table           0x800'0000          Data  Gb  startup_mm32f327x_iar.o [1]
__vector_table_0x1c      0x800'001c          Data  Gb  startup_mm32f327x_iar.o [1]
_call_main               0x800'629d          Code  Gb  cmain.o [4]
_exit                    0x800'62b9          Code  Gb  cexit.o [4]
_main                    0x800'62ab          Code  Gb  cmain.o [4]
a                       0x2001'0de0     0xc  Data  Gb  page.o [1]
afio_init                0x800'1617    0xe8  Code  Gb  zf_gpio.o [1]
board_init               0x800'614d    0x1c  Code  Gb  board.o [1]
button_init              0x800'465d    0x34  Code  Gb  button.o [1]
button_scan              0x800'4691   0x14e  Code  Gb  button.o [1]
button_to_flag           0x800'01b1   0x136  Code  Gb  page.o [1]
camera_buffer_addr      0x2001'0df4     0x4  Data  Gb  common.o [1]
camera_dma_init          0x800'58b9    0xc8  Code  Gb  zf_camera.o [1]
camera_tim_etr_init      0x800'5981   0x14c  Code  Gb  zf_camera.o [1]
camera_type             0x2001'0e25     0x1  Data  Gb  common.o [1]
change_duty_motor        0x800'4845    0x90  Code  Gb  pwm.o [1]
convert_32_to_str        0x800'1f99    0x2a  Code  Gb  flash.o [1]
convert_str_to_32        0x800'1fc3    0x24  Code  Gb  flash.o [1]
exit                     0x800'62b3     0x4  Code  Gb  exit.o [2]
exti_interrupt_init      0x800'5785    0xfc  Code  Gb  zf_exti.o [1]
flag                    0x2001'0e29     0x1  Data  Lc  page.o [1]
flag_page_control        0x800'091d   0x482  Code  Gb  page.o [1]
flag_pwm_control         0x800'063b   0x22e  Code  Gb  page.o [1]
flash_check              0x800'1d01    0x3c  Code  Gb  zf_flash.o [1]
flash_erase_page         0x800'1d3d    0x48  Code  Gb  zf_flash.o [1]
flash_erase_page::gFlashStatus
                        0x2000'011d     0x1  Data  Lc  zf_flash.o [1]
flash_page_program       0x800'1dc1    0x78  Code  Gb  zf_flash.o [1]
flash_page_program::gFlashStatus
                        0x2000'011e     0x1  Data  Lc  zf_flash.o [1]
flash_page_read          0x800'1d85    0x3c  Code  Gb  zf_flash.o [1]
fputc                    0x800'574d    0x12  Code  Gb  zf_uart.o [1]
g_button_value          0x2001'0e2e     0x1  Data  Gb  param.o [1]
g_camera_enable         0x2000'011c     0x1  Data  Gb  SEEKFREE_MT9V03X.o [1]
g_clock                 0x2001'0e04     0x4  Data  Gb  param.o [1]
g_differ_threshold1     0x2000'0108     0x2  Data  Gb  imparam.o [1]
g_differ_threshold2     0x2000'010a     0x2  Data  Gb  imparam.o [1]
g_image                 0x2001'0dfc     0x4  Data  Gb  imparam.o [1]
g_image_enable          0x2001'0e16     0x2  Data  Gb  imparam.o [1]
g_left_count            0x2001'0e18     0x2  Data  Gb  imparam.o [1]
g_left_line             0x2001'0b70    0xf0  Data  Gb  imparam.o [1]
g_mid_line              0x2001'0a80    0xf0  Data  Lc  image.o [1]
g_motor                 0x2001'0e2f     0x1  Data  Gb  pwm.o [1]
g_otsu                  0x2000'0112     0x2  Data  Gb  imparam.o [1]
g_page                  0x2000'011a     0x2  Data  Gb  param.o [1]
g_right_count           0x2001'0e1a     0x2  Data  Gb  imparam.o [1]
g_right_line            0x2001'0c60    0xf0  Data  Gb  imparam.o [1]
g_search_top            0x2000'0114     0x2  Data  Gb  imparam.o [1]
g_search_top_max        0x2000'0116     0x2  Data  Gb  imparam.o [1]
g_search_top_min        0x2000'0118     0x2  Data  Gb  imparam.o [1]
g_servo                 0x2001'0e30     0x1  Data  Gb  pwm.o [1]
g_thres_max             0x2000'010e     0x2  Data  Gb  imparam.o [1]
g_thres_min             0x2000'010c     0x2  Data  Gb  imparam.o [1]
g_thres_table           0x2001'0980   0x100  Data  Gb  imparam.o [1]
g_thres_value           0x2000'0110     0x2  Data  Gb  imparam.o [1]
g_time                  0x2001'0e00     0x4  Data  Gb  param.o [1]
g_watch                 0x2000'b160  0x5820  Data  Gb  imparam.o [1]
g_whiteline_n           0x2001'0e1c     0x2  Data  Gb  imparam.o [1]
g_whiteline_x           0x2001'0e1e     0x2  Data  Gb  imparam.o [1]
get_config               0x800'4a71    0x62  Code  Gb  SEEKFREE_MT9V03X.o [1]
gpio_get                 0x800'175d    0x22  Code  Gb  zf_gpio.o [1]
gpio_group              0x2000'004c    0x20  Data  Gb  zf_gpio.o [1]
gpio_init                0x800'14a9   0x16e  Code  Gb  zf_gpio.o [1]
gpio_set                 0x800'16ff    0x5e  Code  Gb  zf_gpio.o [1]
image_debug              0x800'2f25   0x158  Code  Gb  image.o [1]
image_fast_otsu          0x800'27b1   0x2e8  Code  Gb  image.o [1]
image_fast_otsu::flag   0x2001'0e14     0x2  Data  Lc  image.o [1]
image_fast_otsu::last_thres
                        0x2001'0df8     0x4  Data  Lc  image.o [1]
image_fastsearch_leftline
                         0x800'2a99   0x1e2  Code  Gb  image.o [1]
image_fastsearch_rightline
                         0x800'2c7b   0x1e0  Code  Gb  image.o [1]
image_find_midline       0x800'2e5b    0xca  Code  Gb  image.o [1]
image_find_whiteline     0x800'2681   0x130  Code  Gb  image.o [1]
image_update_thresvalue
                         0x800'25d5    0xac  Code  Gb  image.o [1]
image_update_thresvalue::init_flag
                        0x2001'0e26     0x1  Data  Lc  image.o [1]
image_update_thresvalue::last_threshold_value
                        0x2001'0e27     0x1  Data  Lc  image.o [1]
item                    0x2001'0e2c     0x1  Data  Lc  page.o [1]
lcd_clear                0x800'0fad    0x36  Code  Gb  SEEKFREE_18TFT.o [1]
lcd_init                 0x800'0fe3   0x29e  Code  Gb  SEEKFREE_18TFT.o [1]
lcd_set_region           0x800'0ef7    0xb6  Code  Gb  SEEKFREE_18TFT.o [1]
lcd_showchar             0x800'1281    0x8a  Code  Gb  SEEKFREE_18TFT.o [1]
lcd_showint16            0x800'1343    0xd4  Code  Gb  SEEKFREE_18TFT.o [1]
lcd_showstr              0x800'130b    0x38  Code  Gb  SEEKFREE_18TFT.o [1]
lcd_writeData            0x800'0e77    0x3a  Code  Gb  SEEKFREE_18TFT.o [1]
lcd_writeIndex           0x800'0e3d    0x3a  Code  Lc  SEEKFREE_18TFT.o [1]
lcd_writedata_16bit      0x800'0eb1    0x46  Code  Gb  SEEKFREE_18TFT.o [1]
main                     0x800'6081    0xcc  Code  Gb  main.o [1]
motor_init               0x800'47f5    0x3c  Code  Gb  pwm.o [1]
motor_output             0x800'48d5    0x20  Code  Gb  pwm.o [1]
mt9v03x_addrs_idx       0x2001'0e32     0x1  Data  Gb  SEEKFREE_MT9V03X.o [1]
mt9v03x_busy_flag       0x2001'0e22     0x2  Data  Gb  SEEKFREE_MT9V03X.o [1]
mt9v03x_dma              0x800'4bd9    0x30  Code  Gb  SEEKFREE_MT9V03X.o [1]
mt9v03x_dma_init         0x800'4b05    0x46  Code  Gb  SEEKFREE_MT9V03X.o [1]
mt9v03x_exti_init        0x800'4ad3    0x24  Code  Gb  SEEKFREE_MT9V03X.o [1]
mt9v03x_finish_flag     0x2001'0e20     0x2  Data  Gb  SEEKFREE_MT9V03X.o [1]
mt9v03x_image           0x2000'0120  0xb040  Data  Gb  SEEKFREE_MT9V03X.o [1]
mt9v03x_init             0x800'4b4b    0x64  Code  Gb  SEEKFREE_MT9V03X.o [1]
mt9v03x_tim1_etr_init    0x800'4af7     0xe  Code  Gb  SEEKFREE_MT9V03X.o [1]
mt9v03x_uart_callback    0x800'49cd    0x36  Code  Gb  SEEKFREE_MT9V03X.o [1]
mt9v03x_vsync            0x800'4baf    0x2a  Code  Gb  SEEKFREE_MT9V03X.o [1]
my_lcd_displayimage_debug
                         0x800'1ba1   0x126  Code  Gb  lcd.o [1]
my_lcd_showchar          0x800'1789    0x96  Code  Gb  lcd.o [1]
my_lcd_showint16         0x800'1867   0x170  Code  Gb  lcd.o [1]
my_lcd_showint32         0x800'19d7   0x1b6  Code  Gb  lcd.o [1]
my_lcd_showstr           0x800'181f    0x48  Code  Gb  lcd.o [1]
nvic_init                0x800'5885    0x22  Code  Gb  common.o [1]
obuf                    0x2001'0d50    0x50  Data  Lc  xfiles.o [2]
out                      0x800'245d    0x18  Code  Lc  xprintftiny.o [2]
ov7725_cof_uart_interrupt
                         0x800'4951    0x36  Code  Gb  SEEKFREE_UART_7725.o [1]
ov7725_dma               0x800'4fd9    0x14  Code  Gb  SEEKFREE_7725.o [1]
ov7725_finish_flag      0x2001'0e31     0x1  Data  Gb  SEEKFREE_7725.o [1]
ov7725_uart_dma          0x800'499b    0x14  Code  Gb  SEEKFREE_UART_7725.o [1]
ov7725_uart_finish_flag
                        0x2001'0e35     0x1  Data  Gb  SEEKFREE_UART_7725.o [1]
ov7725_uart_receive     0x2001'0e0c     0x4  Data  Lc  SEEKFREE_UART_7725.o [1]
ov7725_uart_receive_flag
                        0x2001'0e37     0x1  Data  Lc  SEEKFREE_UART_7725.o [1]
ov7725_uart_receive_num
                        0x2001'0e36     0x1  Data  Lc  SEEKFREE_UART_7725.o [1]
ov7725_uart_vsync        0x800'4987    0x14  Code  Gb  SEEKFREE_UART_7725.o [1]
ov7725_vsync             0x800'4fc5    0x14  Code  Gb  SEEKFREE_7725.o [1]
page                     0x800'0869    0xaa  Code  Gb  page.o [1]
page_control             0x800'038b   0x120  Code  Gb  page.o [1]
page_select             0x2001'0e2b     0x1  Data  Lc  page.o [1]
page_start               0x800'02e7    0xa4  Code  Gb  page.o [1]
printf                   0x800'2435    0x28  Code  Gb  printf.o [2]
putchar                  0x800'62f1     0xc  Code  Gb  putchar.o [2]
pwm_duty_updata          0x800'5445    0xa4  Code  Gb  zf_pwm.o [1]
pwm_enable_state        0x2001'0dc0    0x20  Data  Gb  zf_pwm.o [1]
pwm_init                 0x800'513b   0x30a  Code  Gb  zf_pwm.o [1]
pwm_pin_init             0x800'5121    0x1a  Code  Lc  zf_pwm.o [1]
pwm_start                0x800'04ab   0x190  Code  Gb  page.o [1]
receive                 0x2001'0e08     0x4  Data  Lc  SEEKFREE_MT9V03X.o [1]
receive_num             0x2001'0e33     0x1  Data  Lc  SEEKFREE_MT9V03X.o [1]
servo_init               0x800'4831    0x14  Code  Gb  pwm.o [1]
servo_output             0x800'48f5    0x44  Code  Gb  pwm.o [1]
set_config               0x800'4a03    0x6e  Code  Gb  SEEKFREE_MT9V03X.o [1]
spi_index               0x2000'006c     0xc  Data  Gb  zf_spi.o [1]
spi_init                 0x800'2065   0x1e4  Code  Gb  zf_spi.o [1]
spi_mosi                 0x800'2249    0x50  Code  Gb  zf_spi.o [1]
spi_pin_init             0x800'1fe9    0x7c  Code  Lc  zf_spi.o [1]
strlen                   0x800'259d          Code  Gb  strlen.o [4]
systick_delay            0x800'1439    0x1e  Code  Gb  zf_systick.o [1]
systick_delay_ms         0x800'1457    0x20  Code  Gb  zf_systick.o [1]
systick_getval           0x800'148d     0xc  Code  Gb  zf_systick.o [1]
systick_start            0x800'1477    0x16  Code  Gb  zf_systick.o [1]
temp                    0x2001'0da0    0x20  Data  Lc  page.o [1]
tft_ascii                0x800'3a88   0x5f0  Data  Gb  SEEKFREE_FONT.o [1]
tim_index               0x2000'0078    0x20  Data  Gb  zf_tim.o [1]
tim_interrupt_init       0x800'5f9d    0xd0  Code  Gb  zf_pit.o [1]
uart_index              0x2000'0098    0x20  Data  Gb  zf_uart.o [1]
uart_init                0x800'5559   0x17a  Code  Gb  zf_uart.o [1]
uart_irq                0x2000'00b8     0x8  Data  Gb  zf_uart.o [1]
uart_pin_init            0x800'5525    0x34  Code  Lc  zf_uart.o [1]
uart_putbuff             0x800'56d3    0x2c  Code  Gb  zf_uart.o [1]
uart_receive_flag       0x2001'0e34     0x1  Data  Lc  SEEKFREE_MT9V03X.o [1]
uart_rx_irq              0x800'56ff    0x4e  Code  Gb  zf_uart.o [1]
welcome                  0x800'0191    0x20  Code  Gb  page.o [1]
x_conditon_left         0x2001'0e10     0x2  Data  Lc  image.o [1]
x_conditon_right        0x2001'0e12     0x2  Data  Lc  image.o [1]


[1] = D:\智能车\MM32F3277主板资料\【例程】各个模块的使用例程\11_1_TFT_1_8_Display_Demo\IAR\program\Debug\Obj
[2] = dl7M_tlf.a
[3] = m7M_tl.a
[4] = rt7M_tl.a
[5] = shb_l.a

  23 646 bytes of readonly  code memory
   2 304 bytes of readonly  data memory
  81 463 bytes of readwrite data memory

Errors: none
Warnings: none
